157.55.39.65 - - [15/May/2022:16:49:06 -0700] "GET /self.logs/access.log.2017-12-23.gz HTTP/1.1" 301 543 "-" "Mozilla/5.0 (compatible; bingbot/2.0; +http://www.bing.com/bingbot.htm)" 
114.119.149.228 - - [15/May/2022:16:49:13 -0700] "GET /self.logs/error.log.2017-10-19.gz HTTP/1.1" 200 7968 "http://www.secrepo.com/self.logs?C=N%3BO%3DD" "Mozilla/5.0 (Linux; Android 7.0;) AppleWebKit/537.36 (KHTML, like Gecko) Mobile Safari/537.36 (compatible; PetalBot;+https://webmaster.petalsearch.com/site/petalbot)" 
185.191.171.42 - - [15/May/2022:16:49:47 -0700] "GET /robots.txt HTTP/1.1" 200 340 "-" "Mozilla/5.0 (compatible; SemrushBot/7~bl; +http://www.semrush.com/bot.html)" 
185.191.171.19 - - [15/May/2022:16:49:47 -0700] "GET /Datasets%20Description/HTML_Bro_log_3/dhcp.html HTTP/1.1" 200 1703 "-" "Mozilla/5.0 (compatible; SemrushBot/7~bl; +http://www.semrush.com/bot.html)" 
114.119.149.222 - - [15/May/2022:16:54:35 -0700] "GET /self.logs/2016/error.log.2016-01-05.gz HTTP/1.1" 200 661 "http://www.secrepo.com/self.logs/2016/?C=S%3BO%3DA" "Mozilla/5.0 (Linux; Android 7.0;) AppleWebKit/537.36 (KHTML, like Gecko) Mobile Safari/537.36 (compatible; PetalBot;+https://webmaster.petalsearch.com/site/petalbot)" 
157.55.39.153 - - [15/May/2022:16:54:55 -0700] "GET /self.logs/ HTTP/1.1" 200 36138 "-" "Mozilla/5.0 (compatible; bingbot/2.0; +http://www.bing.com/bingbot.htm)" 
49.7.20.111 - - [15/May/2022:16:56:31 -0700] "GET / HTTP/1.1" 200 13146 "-" "Sogou web spider/4.0(+http://www.sogou.com/docs/help/webmasters.htm#07)" 
114.119.145.137 - - [15/May/2022:17:04:38 -0700] "GET /self.logs/access.log.2017-03-09.gz HTTP/1.1" 200 22813 "https://www.secrepo.com/self.logs/?C=M%3BO%3DA" "Mozilla/5.0 (Linux; Android 7.0;) AppleWebKit/537.36 (KHTML, like Gecko) Mobile Safari/537.36 (compatible; PetalBot;+https://webmaster.petalsearch.com/site/petalbot)" 
85.208.98.51 - - [15/May/2022:17:07:02 -0700] "GET /robots.txt HTTP/1.1" 301 439 "-" "Mozilla/5.0 (compatible; SemrushBot-BM/1.0; +http://www.semrush.com/bot.html)" 
85.208.98.51 - - [15/May/2022:17:07:05 -0700] "GET /robots.txt HTTP/1.1" 200 333 "-" "Mozilla/5.0 (compatible; SemrushBot-BM/1.0; +http://www.semrush.com/bot.html)" 
80.200.60.34 - - [15/May/2022:17:11:00 -0700] "GET /Datasets%20Description/Network/dhcp.html HTTP/1.1" 200 1461 "-" "Mozilla/5.0 (Windows NT 10.0; Win64; x64; rv:100.0) Gecko/20100101 Firefox/100.0" 
80.200.60.34 - - [15/May/2022:17:11:00 -0700] "GET /favicon.ico HTTP/1.1" 200 368 "http://www.secrepo.com/Datasets%20Description/Network/dhcp.html" "Mozilla/5.0 (Windows NT 10.0; Win64; x64; rv:100.0) Gecko/20100101 Firefox/100.0" 
54.198.93.109 - - [15/May/2022:17:13:06 -0700] "GET /maccdc2012/http.log.gz HTTP/1.1" 200 56420944 "-" "curl/7.79.1" 
66.249.64.111 - - [15/May/2022:17:13:43 -0700] "GET /robots.txt HTTP/1.1" 200 377 "-" "Mozilla/5.0 (compatible; Googlebot/2.1; +http://www.google.com/bot.html)" 
66.249.64.115 - - [15/May/2022:17:13:43 -0700] "GET / HTTP/1.1" 200 13183 "-" "Mozilla/5.0 (compatible; Googlebot/2.1; +http://www.google.com/bot.html)" 
49.7.20.111 - - [15/May/2022:17:18:31 -0700] "GET / HTTP/1.1" 200 13145 "-" "Sogou web spider/4.0(+http://www.sogou.com/docs/help/webmasters.htm#07)" 
114.119.140.174 - - [15/May/2022:17:20:01 -0700] "GET /self.logs/access.log.2017-12-10.gz HTTP/1.1" 200 21700 "https://www.secrepo.com/self.logs/?C=M%3BO%3DA" "Mozilla/5.0 (Linux; Android 7.0;) AppleWebKit/537.36 (KHTML, like Gecko) Mobile Safari/537.36 (compatible; PetalBot;+https://webmaster.petalsearch.com/site/petalbot)" 
114.119.149.222 - - [15/May/2022:17:25:11 -0700] "GET /self.logs/access.log.2020-01-10.gz HTTP/1.1" 200 14524 "http://www.secrepo.com/self.logs?C=N%3BO%3DD" "Mozilla/5.0 (Linux; Android 7.0;) AppleWebKit/537.36 (KHTML, like Gecko) Mobile Safari/537.36 (compatible; PetalBot;+https://webmaster.petalsearch.com/site/petalbot)" 
114.119.140.174 - - [15/May/2022:17:35:26 -0700] "GET /self.logs/error.log.2019-10-10.gz HTTP/1.1" 200 934 "http://www.secrepo.com/self.logs?C=N%3BO%3DD" "Mozilla/5.0 (Linux; Android 7.0;) AppleWebKit/537.36 (KHTML, like Gecko) Mobile Safari/537.36 (compatible; PetalBot;+https://webmaster.petalsearch.com/site/petalbot)" 
36.113.113.97 - - [15/May/2022:17:39:06 -0700] "GET / HTTP/1.1" 200 13183 "-" "Mozilla/5.0 (Windows NT 10.0; Win64; x64) AppleWebKit/537.36 (KHTML, like Gecko) Chrome/101.0.4951.67 Safari/537.36" 
36.113.113.97 - - [15/May/2022:17:39:07 -0700] "GET /css/style.css HTTP/1.1" 404 328 "http://www.secrepo.com/" "Mozilla/5.0 (Windows NT 10.0; Win64; x64) AppleWebKit/537.36 (KHTML, like Gecko) Chrome/101.0.4951.67 Safari/537.36" 
36.113.113.97 - - [15/May/2022:17:39:07 -0700] "GET /twitter-icon.png HTTP/1.1" 200 27893 "http://www.secrepo.com/" "Mozilla/5.0 (Windows NT 10.0; Win64; x64) AppleWebKit/537.36 (KHTML, like Gecko) Chrome/101.0.4951.67 Safari/537.36" 
36.113.113.97 - - [15/May/2022:17:39:07 -0700] "GET /GitHub-Mark.png HTTP/1.1" 200 7533 "http://www.secrepo.com/" "Mozilla/5.0 (Windows NT 10.0; Win64; x64) AppleWebKit/537.36 (KHTML, like Gecko) Chrome/101.0.4951.67 Safari/537.36" 
36.113.113.97 - - [15/May/2022:17:39:28 -0700] "GET /maccdc2012/ftp.log.gz HTTP/1.1" 200 127761 "http://www.secrepo.com/" "Mozilla/5.0 (Windows NT 10.0; Win64; x64) AppleWebKit/537.36 (KHTML, like Gecko) Chrome/101.0.4951.67 Safari/537.36" 
36.113.113.97 - - [15/May/2022:17:39:34 -0700] "GET /maccdc2012/dhcp.log.gz HTTP/1.1" 200 44977 "http://www.secrepo.com/" "Mozilla/5.0 (Windows NT 10.0; Win64; x64) AppleWebKit/537.36 (KHTML, like Gecko) Chrome/101.0.4951.67 Safari/537.36" 
36.113.113.97 - - [15/May/2022:17:39:36 -0700] "GET /maccdc2012/ssh.log.gz HTTP/1.1" 200 182544 "http://www.secrepo.com/" "Mozilla/5.0 (Windows NT 10.0; Win64; x64) AppleWebKit/537.36 (KHTML, like Gecko) Chrome/101.0.4951.67 Safari/537.36" 
36.113.113.97 - - [15/May/2022:17:39:38 -0700] "GET /bootstrap/img/favicon.ico HTTP/1.1" 200 713 "http://www.secrepo.com/" "Mozilla/5.0 (Windows NT 10.0; Win64; x64) AppleWebKit/537.36 (KHTML, like Gecko) Chrome/101.0.4951.67 Safari/537.36" 
36.113.113.97 - - [15/May/2022:17:39:37 -0700] "GET /maccdc2012/ssl.log.gz HTTP/1.1" 200 1311463 "http://www.secrepo.com/" "Mozilla/5.0 (Windows NT 10.0; Win64; x64) AppleWebKit/537.36 (KHTML, like Gecko) Chrome/101.0.4951.67 Safari/537.36" 
36.113.113.97 - - [15/May/2022:17:39:39 -0700] "GET /maccdc2012/tunnel.log.gz HTTP/1.1" 200 5282 "http://www.secrepo.com/" "Mozilla/5.0 (Windows NT 10.0; Win64; x64) AppleWebKit/537.36 (KHTML, like Gecko) Chrome/101.0.4951.67 Safari/537.36" 
49.7.20.111 - - [15/May/2022:17:39:39 -0700] "GET / HTTP/1.1" 200 13146 "-" "Sogou web spider/4.0(+http://www.sogou.com/docs/help/webmasters.htm#07)" 
61.147.15.65 - - [15/May/2022:17:43:32 -0700] "GET /favicon.ico HTTP/1.1" 200 391 "-" "Dalvik/2.1.0 (Linux; U; Android 9.0; ZTE BA520 Build/MRA58K)" 
61.147.15.76 - - [15/May/2022:17:44:12 -0700] "GET / HTTP/1.1" 200 13183 "-" "Mozilla/5.0 (Linux; U; Android 7.0; zh-cn; SM-C5000 Build/NRD90M) AppleWebKit/537.36 (KHTML, like Gecko) Version/4.0 Chrome/57.0.2987.132 MQQBrowser/8.4 Mobile Safari/537.36" 
36.113.113.97 - - [15/May/2022:17:38:28 -0700] "GET /Security-Data-Analysis/Lab_1/conn.log.zip HTTP/1.1" 200 4583404 "-" "Mozilla/5.0 (Windows NT 10.0; Win64; x64) AppleWebKit/537.36 (KHTML, like Gecko) Chrome/101.0.4951.54 Safari/537.36 Edg/101.0.1210.39" 
61.147.15.67 - - [15/May/2022:17:44:53 -0700] "GET / HTTP/1.1" 200 13183 "-" "Mozilla/5.0 (Macintosh; Intel Mac OS X 10_11) AppleWebKit/601.1.27 (KHTML, like Gecko) Chrome/47.0.2526.106 Safari/601.1.27" 
61.147.15.67 - - [15/May/2022:17:45:08 -0700] "GET / HTTP/1.1" 200 13183 "-" "Dalvik/2.1.0 (Linux; U; Android 9.0; ZTE BA520 Build/MRA58K)" 
114.119.149.222 - - [15/May/2022:17:50:49 -0700] "GET /self.logs/2015/error.log.2015-07-28.gz HTTP/1.1" 200 752 "http://www.secrepo.com/self.logs/2015?C=N%3BO%3DD" "Mozilla/5.0 (Linux; Android 7.0;) AppleWebKit/537.36 (KHTML, like Gecko) Mobile Safari/537.36 (compatible; PetalBot;+https://webmaster.petalsearch.com/site/petalbot)" 
36.113.113.97 - - [15/May/2022:17:39:35 -0700] "GET /maccdc2012/http.log.gz HTTP/1.1" 200 56420988 "http://www.secrepo.com/" "Mozilla/5.0 (Windows NT 10.0; Win64; x64) AppleWebKit/537.36 (KHTML, like Gecko) Chrome/101.0.4951.67 Safari/537.36" 
173.255.253.18 - - [15/May/2022:17:51:52 -0700] "GET / HTTP/1.1" 301 475 "-" "python-requests/2.26.0" 
173.255.253.18 - - [15/May/2022:17:51:52 -0700] "GET / HTTP/1.1" 200 13183 "-" "python-requests/2.26.0" 
173.255.253.18 - - [15/May/2022:17:51:52 -0700] "GET / HTTP/1.1" 301 419 "-" "Mozilla/5.0 (X11; Linux x86_64) AppleWebKit/537.36 (KHTML, like Gecko) HeadlessChrome/96.0.4664.45 Safari/537.36" 
173.255.253.18 - - [15/May/2022:17:51:52 -0700] "GET / HTTP/1.1" 200 49089 "-" "Mozilla/5.0 (X11; Linux x86_64) AppleWebKit/537.36 (KHTML, like Gecko) HeadlessChrome/96.0.4664.45 Safari/537.36" 
173.255.253.18 - - [15/May/2022:17:51:52 -0700] "GET /css/style.css HTTP/1.1" 404 250 "http://www.secrepo.com/" "Mozilla/5.0 (X11; Linux x86_64) AppleWebKit/537.36 (KHTML, like Gecko) HeadlessChrome/96.0.4664.45 Safari/537.36" 
173.255.253.18 - - [15/May/2022:17:51:52 -0700] "GET /GitHub-Mark.png HTTP/1.1" 200 7512 "http://www.secrepo.com/" "Mozilla/5.0 (X11; Linux x86_64) AppleWebKit/537.36 (KHTML, like Gecko) HeadlessChrome/96.0.4664.45 Safari/537.36" 
173.255.253.18 - - [15/May/2022:17:51:52 -0700] "GET /twitter-icon.png HTTP/1.1" 200 27872 "http://www.secrepo.com/" "Mozilla/5.0 (X11; Linux x86_64) AppleWebKit/537.36 (KHTML, like Gecko) HeadlessChrome/96.0.4664.45 Safari/537.36" 
51.222.253.20 - - [15/May/2022:17:53:40 -0700] "GET /Datasets%20Description/HTML_Bro_log_3/?C=S;O=A HTTP/1.1" 200 774 "-" "Mozilla/5.0 (compatible; AhrefsBot/7.0; +http://ahrefs.com/robot/)" 
49.7.20.111 - - [15/May/2022:18:00:42 -0700] "GET / HTTP/1.1" 200 13146 "-" "Sogou web spider/4.0(+http://www.sogou.com/docs/help/webmasters.htm#07)" 
114.119.149.222 - - [15/May/2022:18:01:01 -0700] "GET /self.logs/error.log.2018-07-09.gz HTTP/1.1" 200 7340 "http://www.secrepo.com/self.logs?C=N%3BO%3DD" "Mozilla/5.0 (Linux; Android 7.0;) AppleWebKit/537.36 (KHTML, like Gecko) Mobile Safari/537.36 (compatible; PetalBot;+https://webmaster.petalsearch.com/site/petalbot)" 
114.119.149.218 - - [15/May/2022:18:06:09 -0700] "GET /self.logs/error.log.2017-04-27.gz HTTP/1.1" 200 791 "http://www.secrepo.com/self.logs?C=N%3BO%3DD" "Mozilla/5.0 (Linux; Android 7.0;) AppleWebKit/537.36 (KHTML, like Gecko) Mobile Safari/537.36 (compatible; PetalBot;+https://webmaster.petalsearch.com/site/petalbot)" 
117.152.141.195 - - [15/May/2022:18:08:40 -0700] "GET /favicon.ico HTTP/1.1" 200 391 "-" "Mozilla/5.0 (Windows NT 10.0; WOW64) AppleWebKit/537.36 (KHTML, like Gecko) Chrome/86.0.4240.198 Safari/537.36" 
157.55.39.153 - - [15/May/2022:18:08:44 -0700] "GET /self.logs/ HTTP/1.1" 200 36138 "-" "Mozilla/5.0 (compatible; bingbot/2.0; +http://www.bing.com/bingbot.htm)" 
114.119.149.228 - - [15/May/2022:18:21:25 -0700] "GET /self.logs/access.log.2020-01-12.gz HTTP/1.1" 200 18862 "http://www.secrepo.com/self.logs?C=N%3BO%3DD" "Mozilla/5.0 (Linux; Android 7.0;) AppleWebKit/537.36 (KHTML, like Gecko) Mobile Safari/537.36 (compatible; PetalBot;+https://webmaster.petalsearch.com/site/petalbot)" 
49.7.20.111 - - [15/May/2022:18:22:01 -0700] "GET / HTTP/1.1" 200 13145 "-" "Sogou web spider/4.0(+http://www.sogou.com/docs/help/webmasters.htm#07)" 
114.119.140.174 - - [15/May/2022:18:31:26 -0700] "GET /self.logs/2016/access.log.2016-03-07.gz HTTP/1.1" 200 9522 "http://www.secrepo.com/self.logs/2016/?C=S%3BO%3DA" "Mozilla/5.0 (Linux; Android 7.0;) AppleWebKit/537.36 (KHTML, like Gecko) Mobile Safari/537.36 (compatible; PetalBot;+https://webmaster.petalsearch.com/site/petalbot)" 
111.40.58.190 - - [15/May/2022:18:32:17 -0700] "GET /favicon.ico HTTP/1.1" 200 391 "-" "Mozilla/5.0 (Windows NT 10.0; WOW64) AppleWebKit/537.36 (KHTML, like Gecko) Chrome/86.0.4240.198 Safari/537.36" 
185.181.60.12 - - [15/May/2022:18:36:18 -0700] "GET / HTTP/1.1" 301 419 "-" "Mozilla/5.0 (Windows NT 10.0; Win64; x64) AppleWebKit/537.36 (KHTML, like Gecko) Chrome/91.0.4472.114 Safari/537.36 Edg/91.0.864.54" 
185.181.60.12 - - [15/May/2022:18:36:19 -0700] "GET / HTTP/1.1" 200 13139 "-" "Mozilla/5.0 (Windows NT 10.0; Win64; x64) AppleWebKit/537.36 (KHTML, like Gecko) Chrome/91.0.4472.114 Safari/537.36 Edg/91.0.864.54" 
49.7.21.125 - - [15/May/2022:18:39:26 -0700] "GET / HTTP/1.1" 200 13146 "-" "Sogou web spider/4.0(+http://www.sogou.com/docs/help/webmasters.htm#07)" 
14.23.119.250 - - [15/May/2022:18:41:46 -0700] "GET /favicon.ico HTTP/1.1" 304 261 "-" "Mozilla/5.0 (Windows NT 10.0; WOW64) AppleWebKit/537.36 (KHTML, like Gecko) Chrome/86.0.4240.198 Safari/537.36" 
51.222.253.10 - - [15/May/2022:18:43:13 -0700] "GET /Datasets%20Description/HTML_Bro_log_3/?C=D;O=A HTTP/1.1" 200 779 "-" "Mozilla/5.0 (compatible; AhrefsBot/7.0; +http://ahrefs.com/robot/)" 
114.119.149.237 - - [15/May/2022:18:46:28 -0700] "GET /Datasets%20Description/HTML_Bro_log_3?C=S%3BO%3DA HTTP/1.1" 301 643 "https://www.secrepo.com/Datasets%20Description/HTML_Bro_log_3?C=M%3BO%3DA" "Mozilla/5.0 (Linux; Android 7.0;) AppleWebKit/537.36 (KHTML, like Gecko) Mobile Safari/537.36 (compatible; PetalBot;+https://webmaster.petalsearch.com/site/petalbot)" 
114.119.149.237 - - [15/May/2022:18:46:32 -0700] "GET /Datasets%20Description/HTML_Bro_log_3/?C=S%3BO%3DA HTTP/1.1" 200 823 "https://www.secrepo.com/Datasets%20Description/HTML_Bro_log_3?C=M%3BO%3DA" "Mozilla/5.0 (Linux; Android 7.0;) AppleWebKit/537.36 (KHTML, like Gecko) Mobile Safari/537.36 (compatible; PetalBot;+https://webmaster.petalsearch.com/site/petalbot)" 
223.72.41.195 - - [15/May/2022:18:53:19 -0700] "GET /favicon.ico HTTP/1.1" 200 391 "-" "Mozilla/5.0 (Windows NT 10.0; WOW64) AppleWebKit/537.36 (KHTML, like Gecko) Chrome/86.0.4240.198 Safari/537.36" 
114.119.145.137 - - [15/May/2022:18:56:37 -0700] "GET /self.logs/2015/error.log.2015-12-28.gz HTTP/1.1" 200 800 "http://www.secrepo.com/self.logs/2015?C=N%3BO%3DD" "Mozilla/5.0 (Linux; Android 7.0;) AppleWebKit/537.36 (KHTML, like Gecko) Mobile Safari/537.36 (compatible; PetalBot;+https://webmaster.petalsearch.com/site/petalbot)" 
114.119.149.222 - - [15/May/2022:19:06:42 -0700] "GET /self.logs/access.log.2018-07-22.gz HTTP/1.1" 200 18869 "http://www.secrepo.com/self.logs/?C=M%3BO%3DA" "Mozilla/5.0 (Linux; Android 7.0;) AppleWebKit/537.36 (KHTML, like Gecko) Mobile Safari/537.36 (compatible; PetalBot;+https://webmaster.petalsearch.com/site/petalbot)" 
207.102.138.93 - - [15/May/2022:19:15:59 -0700] "GET / HTTP/1.1" 301 475 "-" "Mozilla/5.0 (X11; Linux x86_64) AppleWebKit/537.36 (KHTML, like Gecko) HeadlessChrome/98.0.4758.102 Safari/537.36" 
207.102.138.93 - - [15/May/2022:19:16:09 -0700] "GET / HTTP/1.1" 200 13183 "-" "Mozilla/5.0 (X11; Linux x86_64) AppleWebKit/537.36 (KHTML, like Gecko) HeadlessChrome/98.0.4758.102 Safari/537.36" 
207.102.138.93 - - [15/May/2022:19:16:10 -0700] "GET /css/style.css HTTP/1.1" 404 305 "http://www.secrepo.com/" "Mozilla/5.0 (X11; Linux x86_64) AppleWebKit/537.36 (KHTML, like Gecko) HeadlessChrome/98.0.4758.102 Safari/537.36" 
207.102.138.93 - - [15/May/2022:19:16:11 -0700] "GET /twitter-icon.png HTTP/1.1" 200 27893 "http://www.secrepo.com/" "Mozilla/5.0 (X11; Linux x86_64) AppleWebKit/537.36 (KHTML, like Gecko) HeadlessChrome/98.0.4758.102 Safari/537.36" 
171.6.240.91 - - [15/May/2022:19:16:16 -0700] "GET /blog/wp-json HTTP/1.1" 404 328 "-" "Mozilla/5.0 (Windows NT 10.0; Win64; x64) AppleWebKit/537.36 (KHTML, like Gecko) Chrome/101.0.4951.54 Safari/537.36" 
114.119.149.218 - - [15/May/2022:19:16:49 -0700] "GET /self.logs/access.log.2020-06-23.gz HTTP/1.1" 200 15016 "http://www.secrepo.com/self.logs?C=N%3BO%3DD" "Mozilla/5.0 (Linux; Android 7.0;) AppleWebKit/537.36 (KHTML, like Gecko) Mobile Safari/537.36 (compatible; PetalBot;+https://webmaster.petalsearch.com/site/petalbot)" 
157.55.39.153 - - [15/May/2022:19:18:58 -0700] "GET /self.logs/ HTTP/1.1" 200 36138 "-" "Mozilla/5.0 (compatible; bingbot/2.0; +http://www.bing.com/bingbot.htm)" 
115.239.140.143 - - [15/May/2022:19:23:27 -0700] "GET http://secrepo.com/ HTTP/1.1" 301 419 "-" "Mozilla/5.0 (Windows; U; Windows NT 5.1; zh-CN; rv:1.9.2.12) Gecko/20101026 Firefox/3.6.12" 
115.239.140.143 - - [15/May/2022:19:23:29 -0700] "GET http://www.secrepo.com/ HTTP/1.1" 200 13139 "-" "Mozilla/5.0 (Windows; U; Windows NT 5.1; zh-CN; rv:1.9.2.12) Gecko/20101026 Firefox/3.6.12" 
115.239.140.143 - - [15/May/2022:19:25:31 -0700] "GET http://www.secrepo.com/ HTTP/1.1" 200 13139 "-" "Mozilla/5.0 (Windows; U; Windows NT 5.1; zh-CN; rv:1.9.2.12) Gecko/20101026 Firefox/3.6.12" 
106.75.236.230 - - [15/May/2022:19:28:11 -0700] "GET / HTTP/1.1" 200 13183 "-" "Dalvik/2.1.0 (Linux; U; Android 9.0; ZTE BA520 Build/MRA58K)" 
106.75.236.230 - - [15/May/2022:19:28:12 -0700] "GET /favicon.ico HTTP/1.1" 200 391 "-" "Dalvik/2.1.0 (Linux; U; Android 9.0; ZTE BA520 Build/MRA58K)" 
106.75.236.230 - - [15/May/2022:19:29:55 -0700] "GET / HTTP/1.1" 200 13183 "-" "Dalvik/2.1.0 (Linux; U; Android 9.0; ZTE BA520 Build/MRA58K)" 
52.212.146.96 - - [15/May/2022:19:30:01 -0700] "GET /self.logs/access.log.2022-05-09.gz HTTP/1.1" 200 11782 "-" "python-requests/2.12.1" 
106.75.236.230 - - [15/May/2022:19:30:45 -0700] "GET / HTTP/1.1" 200 13183 "-" "Mozilla/5.0 (Macintosh; Intel Mac OS X 10_11) AppleWebKit/601.1.27 (KHTML, like Gecko) Chrome/47.0.2526.106 Safari/601.1.27" 
40.77.167.3 - - [15/May/2022:19:35:51 -0700] "GET /self.logs/access.log.2021-01-24.gz HTTP/1.1" 200 25861 "-" "Mozilla/5.0 (compatible; bingbot/2.0; +http://www.bing.com/bingbot.htm)" 
42.116.131.152 - - [15/May/2022:19:31:22 -0700] "GET /honeypot/Honeypot%20-%20Howto.pdf HTTP/1.1" 200 258420 "http://www.secrepo.com/" "Mozilla/5.0 (Windows NT 10.0) AppleWebKit/537.36 (KHTML, like Gecko) Chrome/64.0.3282.167 Safari/537.36" 
114.119.140.174 - - [15/May/2022:19:37:27 -0700] "GET /self.logs/error.log.2019-01-08.gz HTTP/1.1" 200 5489 "http://www.secrepo.com/self.logs?C=N%3BO%3DD" "Mozilla/5.0 (Linux; Android 7.0;) AppleWebKit/537.36 (KHTML, like Gecko) Mobile Safari/537.36 (compatible; PetalBot;+https://webmaster.petalsearch.com/site/petalbot)" 
42.116.131.152 - - [15/May/2022:19:34:32 -0700] "GET /honeypot/Honeypot%20-%20Howto.pdf HTTP/1.1" 200 144540 "http://www.secrepo.com/" "Mozilla/5.0 (Windows NT 10.0) AppleWebKit/537.36 (KHTML, like Gecko) Chrome/64.0.3282.167 Safari/537.36" 
23.247.108.39 - - [15/May/2022:19:40:43 -0700] "POST /Ueditor/net/controller.ashx?action=catchimage HTTP/1.1" 301 509 "secrepo.com/Ueditor/net/controller.ashx?action=catchimage" "Mozilla/4.0 (compatible; MSIE 9.0; Windows NT 6.1)" 
23.247.108.39 - - [15/May/2022:19:40:43 -0700] "GET /Ueditor/net/controller.ashx?action=catchimage HTTP/1.1" 404 328 "secrepo.com/Ueditor/net/controller.ashx?action=catchimage" "Mozilla/4.0 (compatible; MSIE 9.0; Windows NT 6.1)" 
23.247.108.39 - - [15/May/2022:19:40:54 -0700] "POST /install/index.php.bak?step=11&insLockfile=a&s_lang=a&install_demo_name=rrcfd.php&updateHost=http://2.bj33.cc/ HTTP/1.1" 301 709 "http://secrepo.com/install/index.php.bak?step=11&insLockfile=a&s_lang=a&install_demo_name=rrcfd.php&updateHost=http://2.bj33.cc/" "Mozilla/5.0 (compatible; MSIE 10.0; Windows NT 6.2)" 
23.247.108.39 - - [15/May/2022:19:41:05 -0700] "POST /Ueditor/controller.ashx?action=catchimage HTTP/1.1" 301 501 "secrepo.com/Ueditor/controller.ashx?action=catchimage" "Mozilla/4.0 (compatible; MSIE 9.0; Windows NT 6.1; 2Pac; .NET CLR 2.0.50727; .NET CLR 3.0.04506.648; .NET CLR 3.5.21022)" 
23.247.108.39 - - [15/May/2022:19:41:05 -0700] "GET /Ueditor/controller.ashx?action=catchimage HTTP/1.1" 404 328 "secrepo.com/Ueditor/controller.ashx?action=catchimage" "Mozilla/4.0 (compatible; MSIE 9.0; Windows NT 6.1; 2Pac; .NET CLR 2.0.50727; .NET CLR 3.0.04506.648; .NET CLR 3.5.21022)" 
42.116.131.152 - - [15/May/2022:19:38:41 -0700] "GET /honeypot/Honeypot%20-%20Howto.pdf HTTP/1.1" 200 446760 "http://www.secrepo.com/" "Mozilla/5.0 (Windows NT 10.0) AppleWebKit/537.36 (KHTML, like Gecko) Chrome/64.0.3282.167 Safari/537.36" 
145.82.40.76 - - [15/May/2022:19:45:44 -0700] "GET / HTTP/1.1" 200 13183 "https://duckduckgo.com/" "Mozilla/5.0 (Windows NT 10.0; Win64; x64) AppleWebKit/537.36 (KHTML, like Gecko) Chrome/101.0.4951.54 Safari/537.36" 
145.82.40.76 - - [15/May/2022:19:45:45 -0700] "GET /css/style.css HTTP/1.1" 404 305 "http://www.secrepo.com/" "Mozilla/5.0 (Windows NT 10.0; Win64; x64) AppleWebKit/537.36 (KHTML, like Gecko) Chrome/101.0.4951.54 Safari/537.36" 
145.82.40.76 - - [15/May/2022:19:45:45 -0700] "GET /twitter-icon.png HTTP/1.1" 200 27916 "http://www.secrepo.com/" "Mozilla/5.0 (Windows NT 10.0; Win64; x64) AppleWebKit/537.36 (KHTML, like Gecko) Chrome/101.0.4951.54 Safari/537.36" 
145.82.40.76 - - [15/May/2022:19:45:45 -0700] "GET /GitHub-Mark.png HTTP/1.1" 200 7556 "http://www.secrepo.com/" "Mozilla/5.0 (Windows NT 10.0; Win64; x64) AppleWebKit/537.36 (KHTML, like Gecko) Chrome/101.0.4951.54 Safari/537.36" 
145.82.40.76 - - [15/May/2022:19:45:46 -0700] "GET /bootstrap/img/favicon.ico HTTP/1.1" 200 690 "http://www.secrepo.com/" "Mozilla/5.0 (Windows NT 10.0; Win64; x64) AppleWebKit/537.36 (KHTML, like Gecko) Chrome/101.0.4951.54 Safari/537.36" 
114.119.149.218 - - [15/May/2022:19:47:45 -0700] "GET /self.logs/error.log.2019-08-30.gz HTTP/1.1" 200 2457 "http://www.secrepo.com/self.logs?C=N%3BO%3DD" "Mozilla/5.0 (Linux; Android 7.0;) AppleWebKit/537.36 (KHTML, like Gecko) Mobile Safari/537.36 (compatible; PetalBot;+https://webmaster.petalsearch.com/site/petalbot)" 
114.119.149.237 - - [15/May/2022:19:52:53 -0700] "GET /self.logs/error.log.2018-10-24.gz HTTP/1.1" 200 4562 "http://www.secrepo.com/self.logs?C=N%3BO%3DD" "Mozilla/5.0 (Linux; Android 7.0;) AppleWebKit/537.36 (KHTML, like Gecko) Mobile Safari/537.36 (compatible; PetalBot;+https://webmaster.petalsearch.com/site/petalbot)" 
49.7.20.111 - - [15/May/2022:19:56:01 -0700] "GET / HTTP/1.1" 200 13146 "-" "Sogou web spider/4.0(+http://www.sogou.com/docs/help/webmasters.htm#07)" 
42.116.131.152 - - [15/May/2022:19:59:00 -0700] "GET /honeypot/Honeypot%20-%20Howto.pdf HTTP/1.1" 200 211700 "http://www.secrepo.com/" "Mozilla/5.0 (Macintosh; Intel Mac OS X 10_13_5) AppleWebKit/537.36 (KHTML, like Gecko) Chrome/60.0.3112.101 Safari/537.36 QQBrowser/4.3.4986.400" 
111.41.225.218 - - [15/May/2022:20:02:42 -0700] "GET /honeypot/Honeypot%20-%20Howto%20-%20BSides%20Austin.pdf HTTP/1.1" 200 1112656 "-" "Mozilla/4.0 (compatible; MSIE 6.0; Windows NT 5.1)" 
111.41.225.218 - - [15/May/2022:20:02:57 -0700] "GET /honeypot/Honeypot%20-%20Howto%20-%20BSides%20Austin.pdf HTTP/1.1" 200 1102772 "-" "Mozilla/4.0 (compatible; MSIE 6.0; Windows NT 5.1)" 
42.116.131.152 - - [15/May/2022:20:02:34 -0700] "GET /honeypot/Honeypot%20-%20Howto.pdf HTTP/1.1" 200 112420 "http://www.secrepo.com/" "Mozilla/5.0 (Macintosh; Intel Mac OS X 10_13_5) AppleWebKit/537.36 (KHTML, like Gecko) Chrome/60.0.3112.101 Safari/537.36 QQBrowser/4.3.4986.400" 
114.119.149.218 - - [15/May/2022:20:08:31 -0700] "GET /self.logs/access.log.2020-05-15.gz HTTP/1.1" 200 9664 "http://www.secrepo.com/self.logs?C=N%3BO%3DD" "Mozilla/5.0 (Linux; Android 7.0;) AppleWebKit/537.36 (KHTML, like Gecko) Mobile Safari/537.36 (compatible; PetalBot;+https://webmaster.petalsearch.com/site/petalbot)" 
42.116.131.152 - - [15/May/2022:20:06:02 -0700] "GET /honeypot/Honeypot%20-%20Howto.pdf HTTP/1.1" 200 1279529 "http://www.secrepo.com/" "Mozilla/5.0 (Macintosh; Intel Mac OS X 10_13_5) AppleWebKit/537.36 (KHTML, like Gecko) Chrome/60.0.3112.101 Safari/537.36 QQBrowser/4.3.4986.400" 
54.36.148.136 - - [15/May/2022:20:12:48 -0700] "GET /robots.txt HTTP/1.1" 200 333 "-" "Mozilla/5.0 (compatible; AhrefsBot/7.0; +http://ahrefs.com/robot/)" 
185.191.171.23 - - [15/May/2022:20:20:23 -0700] "GET /robots.txt HTTP/1.1" 200 340 "-" "Mozilla/5.0 (compatible; SemrushBot/7~bl; +http://www.semrush.com/bot.html)" 
185.191.171.41 - - [15/May/2022:20:20:23 -0700] "GET /Datasets%20Description/HTML_Bro_log_2/notice.html HTTP/1.1" 200 1969 "-" "Mozilla/5.0 (compatible; SemrushBot/7~bl; +http://www.semrush.com/bot.html)" 
157.55.39.153 - - [15/May/2022:20:24:38 -0700] "GET /self.logs/ HTTP/1.1" 200 36138 "-" "Mozilla/5.0 (compatible; bingbot/2.0; +http://www.bing.com/bingbot.htm)" 
51.222.253.17 - - [15/May/2022:20:26:38 -0700] "GET /Datasets%20Description/HTML_Bro_log_2/?C=D;O=A HTTP/1.1" 200 788 "-" "Mozilla/5.0 (compatible; AhrefsBot/7.0; +http://ahrefs.com/robot/)" 
114.119.149.222 - - [15/May/2022:20:29:47 -0700] "GET /self.logs/access.log.2018-07-08.gz HTTP/1.1" 200 30712 "http://www.secrepo.com/self.logs/?C=M%3BO%3DA" "Mozilla/5.0 (Linux; Android 7.0;) AppleWebKit/537.36 (KHTML, like Gecko) Mobile Safari/537.36 (compatible; PetalBot;+https://webmaster.petalsearch.com/site/petalbot)" 
114.119.149.228 - - [15/May/2022:20:45:33 -0700] "GET /self.logs/error.log.2020-12-14 HTTP/1.1" 200 351 "http://www.secrepo.com/self.logs?C=N%3BO%3DD" "Mozilla/5.0 (Linux; Android 7.0;) AppleWebKit/537.36 (KHTML, like Gecko) Mobile Safari/537.36 (compatible; PetalBot;+https://webmaster.petalsearch.com/site/petalbot)" 
40.77.167.3 - - [15/May/2022:20:49:53 -0700] "GET /self.logs/2016/access.log.2016-10-13.gz HTTP/1.1" 304 280 "-" "Mozilla/5.0 (compatible; bingbot/2.0; +http://www.bing.com/bingbot.htm)" 
152.32.189.34 - - [15/May/2022:20:51:06 -0700] "GET / HTTP/1.1" 200 13182 "-" "Mozilla/5.0 (Macintosh; Intel Mac OS X 10_15_7) AppleWebKit/537.36 (KHTML, like Gecko) Chrome/85.0.4183.121 Safari/537.36" 
152.32.189.34 - - [15/May/2022:20:51:13 -0700] "GET /mobile21/js/index/gameManagement.js?v=7 HTTP/1.1" 404 328 "-" "Mozilla/5.0 (Linux; Android 8.1; EML-L29 Build/HUAWEIEML-L29; xx-xx) AppleWebKit/537.36 (KHTML, like Gecko) Version/4.0 Chrome/65.0.3325.109 Mobile Safari/537.36 (iPad; iPhone; CPU iPhone OS 13_2_3 like Mac OS X)" 
152.32.189.34 - - [15/May/2022:20:51:13 -0700] "GET /wap/api/exchangerateuserconfig!get.action HTTP/1.1" 404 305 "-" "Mozilla/5.0 (Linux; Android 8.1; EML-L29 Build/HUAWEIEML-L29; xx-xx) AppleWebKit/537.36 (KHTML, like Gecko) Version/4.0 Chrome/65.0.3325.109 Mobile Safari/537.36 (iPad; iPhone; CPU iPhone OS 13_2_3 like Mac OS X)" 
152.32.189.34 - - [15/May/2022:20:51:13 -0700] "GET /base/exchange_article/index/classid/1/id/1 HTTP/1.1" 404 305 "-" "Mozilla/5.0 (Linux; Android 8.1; EML-L29 Build/HUAWEIEML-L29; xx-xx) AppleWebKit/537.36 (KHTML, like Gecko) Version/4.0 Chrome/65.0.3325.109 Mobile Safari/537.36 (iPad; iPhone; CPU iPhone OS 13_2_3 like Mac OS X)" 
152.32.189.34 - - [15/May/2022:20:51:13 -0700] "GET /images/src_images_but_dianz_s.png HTTP/1.1" 404 328 "-" "Mozilla/5.0 (Linux; Android 8.1; EML-L29 Build/HUAWEIEML-L29; xx-xx) AppleWebKit/537.36 (KHTML, like Gecko) Version/4.0 Chrome/65.0.3325.109 Mobile Safari/537.36 (iPad; iPhone; CPU iPhone OS 13_2_3 like Mac OS X)" 
152.32.189.34 - - [15/May/2022:20:51:13 -0700] "GET /Public/Home/ecshe_css/main.css?v=1543997196 HTTP/1.1" 404 305 "-" "Mozilla/5.0 (Linux; Android 8.1; EML-L29 Build/HUAWEIEML-L29; xx-xx) AppleWebKit/537.36 (KHTML, like Gecko) Version/4.0 Chrome/65.0.3325.109 Mobile Safari/537.36 (iPad; iPhone; CPU iPhone OS 13_2_3 like Mac OS X)" 
152.32.189.34 - - [15/May/2022:20:51:13 -0700] "GET /common/template/lottery/lecai/css/style.css HTTP/1.1" 404 305 "-" "Mozilla/5.0 (Linux; Android 8.1; EML-L29 Build/HUAWEIEML-L29; xx-xx) AppleWebKit/537.36 (KHTML, like Gecko) Version/4.0 Chrome/65.0.3325.109 Mobile Safari/537.36 (iPad; iPhone; CPU iPhone OS 13_2_3 like Mac OS X)" 
152.32.189.34 - - [15/May/2022:20:51:14 -0700] "GET /attachment/2021-11/2021110719142516384p.jpg HTTP/1.1" 404 305 "-" "Mozilla/5.0 (Linux; Android 8.1; EML-L29 Build/HUAWEIEML-L29; xx-xx) AppleWebKit/537.36 (KHTML, like Gecko) Version/4.0 Chrome/65.0.3325.109 Mobile Safari/537.36 (iPad; iPhone; CPU iPhone OS 13_2_3 like Mac OS X)" 
152.32.189.34 - - [15/May/2022:20:51:17 -0700] "GET /Buy/Index/getCardListByType?typeid=344 HTTP/1.1" 404 328 "-" "Mozilla/5.0 (Linux; Android 8.1; EML-L29 Build/HUAWEIEML-L29; xx-xx) AppleWebKit/537.36 (KHTML, like Gecko) Version/4.0 Chrome/65.0.3325.109 Mobile Safari/537.36 (iPad; iPhone; CPU iPhone OS 13_2_3 like Mac OS X)" 
152.32.189.34 - - [15/May/2022:20:51:21 -0700] "POST /site/api/v1/site/vipExclusiveDomain/getGuestDomain HTTP/1.1" 404 328 "-" "Mozilla/5.0 (Linux; Android 8.1; EML-L29 Build/HUAWEIEML-L29; xx-xx) AppleWebKit/537.36 (KHTML, like Gecko) Version/4.0 Chrome/65.0.3325.109 Mobile Safari/537.36 (iPad; iPhone; CPU iPhone OS 13_2_3 like Mac OS X)" 
152.32.189.34 - - [15/May/2022:20:51:30 -0700] "GET /otc/ HTTP/1.1" 404 328 "-" "Mozilla/5.0 (Linux; Android 8.1; EML-L29 Build/HUAWEIEML-L29; xx-xx) AppleWebKit/537.36 (KHTML, like Gecko) Version/4.0 Chrome/65.0.3325.109 Mobile Safari/537.36 (iPad; iPhone; CPU iPhone OS 13_2_3 like Mac OS X)" 
152.32.189.34 - - [15/May/2022:20:51:30 -0700] "GET /sdk.html HTTP/1.1" 404 305 "-" "Mozilla/5.0 (Linux; Android 8.1; EML-L29 Build/HUAWEIEML-L29; xx-xx) AppleWebKit/537.36 (KHTML, like Gecko) Version/4.0 Chrome/65.0.3325.109 Mobile Safari/537.36 (iPad; iPhone; CPU iPhone OS 13_2_3 like Mac OS X)" 
152.32.189.34 - - [15/May/2022:20:51:34 -0700] "GET /api/index HTTP/1.1" 404 328 "-" "Mozilla/5.0 (Linux; Android 8.1; EML-L29 Build/HUAWEIEML-L29; xx-xx) AppleWebKit/537.36 (KHTML, like Gecko) Version/4.0 Chrome/65.0.3325.109 Mobile Safari/537.36 (iPad; iPhone; CPU iPhone OS 13_2_3 like Mac OS X)" 
152.32.189.34 - - [15/May/2022:20:51:34 -0700] "GET /js/pups.js HTTP/1.1" 404 305 "-" "Mozilla/5.0 (Linux; Android 8.1; EML-L29 Build/HUAWEIEML-L29; xx-xx) AppleWebKit/537.36 (KHTML, like Gecko) Version/4.0 Chrome/65.0.3325.109 Mobile Safari/537.36 (iPad; iPhone; CPU iPhone OS 13_2_3 like Mac OS X)" 
152.32.189.34 - - [15/May/2022:20:51:37 -0700] "GET /api/config HTTP/1.1" 404 328 "-" "Mozilla/5.0 (Linux; Android 8.1; EML-L29 Build/HUAWEIEML-L29; xx-xx) AppleWebKit/537.36 (KHTML, like Gecko) Version/4.0 Chrome/65.0.3325.109 Mobile Safari/537.36 (iPad; iPhone; CPU iPhone OS 13_2_3 like Mac OS X)" 
152.32.189.34 - - [15/May/2022:20:51:38 -0700] "GET /js/base1.js HTTP/1.1" 404 328 "-" "Mozilla/5.0 (Linux; Android 8.1; EML-L29 Build/HUAWEIEML-L29; xx-xx) AppleWebKit/537.36 (KHTML, like Gecko) Version/4.0 Chrome/65.0.3325.109 Mobile Safari/537.36 (iPad; iPhone; CPU iPhone OS 13_2_3 like Mac OS X)" 
152.32.189.34 - - [15/May/2022:20:51:38 -0700] "GET /css/all.css HTTP/1.1" 404 305 "-" "Mozilla/5.0 (Linux; Android 8.1; EML-L29 Build/HUAWEIEML-L29; xx-xx) AppleWebKit/537.36 (KHTML, like Gecko) Version/4.0 Chrome/65.0.3325.109 Mobile Safari/537.36 (iPad; iPhone; CPU iPhone OS 13_2_3 like Mac OS X)" 
152.32.189.34 - - [15/May/2022:20:51:38 -0700] "GET /js/post.js/ HTTP/1.1" 404 305 "-" "Mozilla/5.0 (Linux; Android 8.1; EML-L29 Build/HUAWEIEML-L29; xx-xx) AppleWebKit/537.36 (KHTML, like Gecko) Version/4.0 Chrome/65.0.3325.109 Mobile Safari/537.36 (iPad; iPhone; CPU iPhone OS 13_2_3 like Mac OS X)" 
152.32.189.34 - - [15/May/2022:20:51:38 -0700] "GET /index.html HTTP/1.1" 200 13159 "-" "Mozilla/5.0 (Linux; Android 8.1; EML-L29 Build/HUAWEIEML-L29; xx-xx) AppleWebKit/537.36 (KHTML, like Gecko) Version/4.0 Chrome/65.0.3325.109 Mobile Safari/537.36 (iPad; iPhone; CPU iPhone OS 13_2_3 like Mac OS X)" 
152.32.189.34 - - [15/May/2022:20:51:39 -0700] "GET /api/v1/about HTTP/1.1" 404 328 "-" "Mozilla/5.0 (Linux; Android 8.1; EML-L29 Build/HUAWEIEML-L29; xx-xx) AppleWebKit/537.36 (KHTML, like Gecko) Version/4.0 Chrome/65.0.3325.109 Mobile Safari/537.36 (iPad; iPhone; CPU iPhone OS 13_2_3 like Mac OS X)" 
152.32.189.34 - - [15/May/2022:20:51:52 -0700] "GET /mobile/lists.html HTTP/1.1" 404 328 "-" "Mozilla/5.0 (Linux; Android 8.1; EML-L29 Build/HUAWEIEML-L29; xx-xx) AppleWebKit/537.36 (KHTML, like Gecko) Version/4.0 Chrome/65.0.3325.109 Mobile Safari/537.36 (iPad; iPhone; CPU iPhone OS 13_2_3 like Mac OS X)" 
152.32.189.34 - - [15/May/2022:20:51:53 -0700] "GET /res/kuai/1.css HTTP/1.1" 404 328 "-" "Mozilla/5.0 (Linux; Android 8.1; EML-L29 Build/HUAWEIEML-L29; xx-xx) AppleWebKit/537.36 (KHTML, like Gecko) Version/4.0 Chrome/65.0.3325.109 Mobile Safari/537.36 (iPad; iPhone; CPU iPhone OS 13_2_3 like Mac OS X)" 
152.32.189.34 - - [15/May/2022:20:51:53 -0700] "GET /im/in/GetUuid HTTP/1.1" 404 328 "-" "Mozilla/5.0 (Linux; Android 8.1; EML-L29 Build/HUAWEIEML-L29; xx-xx) AppleWebKit/537.36 (KHTML, like Gecko) Version/4.0 Chrome/65.0.3325.109 Mobile Safari/537.36 (iPad; iPhone; CPU iPhone OS 13_2_3 like Mac OS X)" 
152.32.189.34 - - [15/May/2022:20:51:53 -0700] "GET /index/newapi/api HTTP/1.1" 404 305 "-" "Mozilla/5.0 (Linux; Android 8.1; EML-L29 Build/HUAWEIEML-L29; xx-xx) AppleWebKit/537.36 (KHTML, like Gecko) Version/4.0 Chrome/65.0.3325.109 Mobile Safari/537.36 (iPad; iPhone; CPU iPhone OS 13_2_3 like Mac OS X)" 
152.32.189.34 - - [15/May/2022:20:51:53 -0700] "GET /api/pc/configure HTTP/1.1" 404 305 "-" "Mozilla/5.0 (Linux; Android 8.1; EML-L29 Build/HUAWEIEML-L29; xx-xx) AppleWebKit/537.36 (KHTML, like Gecko) Version/4.0 Chrome/65.0.3325.109 Mobile Safari/537.36 (iPad; iPhone; CPU iPhone OS 13_2_3 like Mac OS X)" 
152.32.189.34 - - [15/May/2022:20:51:54 -0700] "GET /Scripts/common.js HTTP/1.1" 404 305 "-" "Mozilla/5.0 (Linux; Android 8.1; EML-L29 Build/HUAWEIEML-L29; xx-xx) AppleWebKit/537.36 (KHTML, like Gecko) Version/4.0 Chrome/65.0.3325.109 Mobile Safari/537.36 (iPad; iPhone; CPU iPhone OS 13_2_3 like Mac OS X)" 
152.32.189.34 - - [15/May/2022:20:51:54 -0700] "GET /getLocale HTTP/1.1" 404 328 "-" "Mozilla/5.0 (Linux; Android 8.1; EML-L29 Build/HUAWEIEML-L29; xx-xx) AppleWebKit/537.36 (KHTML, like Gecko) Version/4.0 Chrome/65.0.3325.109 Mobile Safari/537.36 (iPad; iPhone; CPU iPhone OS 13_2_3 like Mac OS X)" 
152.32.189.34 - - [15/May/2022:20:51:54 -0700] "GET /css/nsc/reset.css HTTP/1.1" 404 305 "-" "Mozilla/5.0 (Linux; Android 8.1; EML-L29 Build/HUAWEIEML-L29; xx-xx) AppleWebKit/537.36 (KHTML, like Gecko) Version/4.0 Chrome/65.0.3325.109 Mobile Safari/537.36 (iPad; iPhone; CPU iPhone OS 13_2_3 like Mac OS X)" 
152.32.189.34 - - [15/May/2022:20:51:54 -0700] "GET /Public/initJs.php HTTP/1.1" 404 305 "-" "Mozilla/5.0 (Linux; Android 8.1; EML-L29 Build/HUAWEIEML-L29; xx-xx) AppleWebKit/537.36 (KHTML, like Gecko) Version/4.0 Chrome/65.0.3325.109 Mobile Safari/537.36 (iPad; iPhone; CPU iPhone OS 13_2_3 like Mac OS X)" 
152.32.189.34 - - [15/May/2022:20:51:56 -0700] "GET /js/tvConfig.js HTTP/1.1" 404 328 "-" "Mozilla/5.0 (Linux; Android 8.1; EML-L29 Build/HUAWEIEML-L29; xx-xx) AppleWebKit/537.36 (KHTML, like Gecko) Version/4.0 Chrome/65.0.3325.109 Mobile Safari/537.36 (iPad; iPhone; CPU iPhone OS 13_2_3 like Mac OS X)" 
152.32.189.34 - - [15/May/2022:20:51:56 -0700] "GET /mobile/config.js HTTP/1.1" 404 328 "-" "Mozilla/5.0 (Linux; Android 8.1; EML-L29 Build/HUAWEIEML-L29; xx-xx) AppleWebKit/537.36 (KHTML, like Gecko) Version/4.0 Chrome/65.0.3325.109 Mobile Safari/537.36 (iPad; iPhone; CPU iPhone OS 13_2_3 like Mac OS X)" 
152.32.189.34 - - [15/May/2022:20:51:56 -0700] "GET /static/idcard3.png HTTP/1.1" 404 328 "-" "Mozilla/5.0 (Linux; Android 8.1; EML-L29 Build/HUAWEIEML-L29; xx-xx) AppleWebKit/537.36 (KHTML, like Gecko) Version/4.0 Chrome/65.0.3325.109 Mobile Safari/537.36 (iPad; iPhone; CPU iPhone OS 13_2_3 like Mac OS X)" 
152.32.189.34 - - [15/May/2022:20:51:57 -0700] "GET /room/script/face.js HTTP/1.1" 404 305 "-" "Mozilla/5.0 (Linux; Android 8.1; EML-L29 Build/HUAWEIEML-L29; xx-xx) AppleWebKit/537.36 (KHTML, like Gecko) Version/4.0 Chrome/65.0.3325.109 Mobile Safari/537.36 (iPad; iPhone; CPU iPhone OS 13_2_3 like Mac OS X)" 
152.32.189.34 - - [15/May/2022:20:52:01 -0700] "GET /api/getconfig.aspx HTTP/1.1" 404 328 "-" "Mozilla/5.0 (Linux; Android 8.1; EML-L29 Build/HUAWEIEML-L29; xx-xx) AppleWebKit/537.36 (KHTML, like Gecko) Version/4.0 Chrome/65.0.3325.109 Mobile Safari/537.36 (iPad; iPhone; CPU iPhone OS 13_2_3 like Mac OS X)" 
152.32.189.34 - - [15/May/2022:20:52:02 -0700] "GET /files/pub_reset.css HTTP/1.1" 404 328 "-" "Mozilla/5.0 (Linux; Android 8.1; EML-L29 Build/HUAWEIEML-L29; xx-xx) AppleWebKit/537.36 (KHTML, like Gecko) Version/4.0 Chrome/65.0.3325.109 Mobile Safari/537.36 (iPad; iPhone; CPU iPhone OS 13_2_3 like Mac OS X)" 
171.212.241.86 - - [15/May/2022:20:52:18 -0700] "GET / HTTP/1.1" 200 13182 "-" "Mozilla/5.0 (Macintosh; Intel Mac OS X 10_15_7) AppleWebKit/605.1.15 (KHTML, like Gecko)" 
171.212.241.86 - - [15/May/2022:20:52:18 -0700] "GET /apple-touch-icon-precomposed.png HTTP/1.1" 404 328 "-" "Safari%E6%B5%8F%E8%A7%88%E5%99%A8/16613.1.17.1.13 CFNetwork/1240.0.4 Darwin/20.6.0" 
171.212.241.86 - - [15/May/2022:20:52:19 -0700] "GET /apple-touch-icon.png HTTP/1.1" 404 305 "-" "Safari%E6%B5%8F%E8%A7%88%E5%99%A8/16613.1.17.1.13 CFNetwork/1240.0.4 Darwin/20.6.0" 
171.212.241.86 - - [15/May/2022:20:52:19 -0700] "GET / HTTP/1.1" 200 13159 "-" "Mozilla/5.0 (iPhone; CPU iPhone OS 14_0 like Mac OS X) AppleWebKit/605.1.15 (KHTML, like Gecko) Version/14.0 Mobile/15E148 Safari/604.1" 
171.212.241.86 - - [15/May/2022:20:52:19 -0700] "GET /apple-touch-icon-precomposed.png HTTP/1.1" 404 305 "-" "Safari%E6%B5%8F%E8%A7%88%E5%99%A8/16613.1.17.1.13 CFNetwork/1240.0.4 Darwin/20.6.0" 
171.212.241.86 - - [15/May/2022:20:52:20 -0700] "GET /apple-touch-icon.png HTTP/1.1" 404 305 "-" "Safari%E6%B5%8F%E8%A7%88%E5%99%A8/16613.1.17.1.13 CFNetwork/1240.0.4 Darwin/20.6.0" 
85.208.98.194 - - [15/May/2022:20:52:44 -0700] "GET /robots.txt HTTP/1.1" 200 377 "-" "Mozilla/5.0 (iPhone; CPU iPhone OS 6_0 like Mac OS X) AppleWebKit/536.26 (KHTML, like Gecko) Version/6.0 Mobile/10A5376e Safari/8536.25 (compatible; SiteAuditBot/0.97; +http://www.semrush.com/bot.html)" 
85.208.98.192 - - [15/May/2022:20:52:44 -0700] "GET / HTTP/1.1" 200 13182 "-" "Mozilla/5.0 (iPhone; CPU iPhone OS 6_0 like Mac OS X) AppleWebKit/536.26 (KHTML, like Gecko) Version/6.0 Mobile/10A5376e Safari/8536.25 (compatible; SiteAuditBot/0.97; +http://www.semrush.com/bot.html)" 
114.119.149.222 - - [15/May/2022:21:01:40 -0700] "GET /self.logs/error.log.2017-06-23.gz HTTP/1.1" 200 832 "http://www.secrepo.com/self.logs?C=N%3BO%3DD" "Mozilla/5.0 (Linux; Android 7.0;) AppleWebKit/537.36 (KHTML, like Gecko) Mobile Safari/537.36 (compatible; PetalBot;+https://webmaster.petalsearch.com/site/petalbot)" 
114.119.149.218 - - [15/May/2022:21:12:33 -0700] "GET /self.logs/error.log.2017-11-21.gz HTTP/1.1" 200 1972 "http://www.secrepo.com/self.logs?C=N%3BO%3DD" "Mozilla/5.0 (Linux; Android 7.0;) AppleWebKit/537.36 (KHTML, like Gecko) Mobile Safari/537.36 (compatible; PetalBot;+https://webmaster.petalsearch.com/site/petalbot)" 
207.46.13.196 - - [15/May/2022:21:15:56 -0700] "GET /self.logs/access.log.2017-10-27.gz HTTP/1.1" 200 26183 "-" "Mozilla/5.0 (compatible; bingbot/2.0; +http://www.bing.com/bingbot.htm)" 
114.119.145.137 - - [15/May/2022:21:18:01 -0700] "GET /self.logs/2016/access.log.2016-10-16.gz HTTP/1.1" 200 10742 "http://www.secrepo.com/self.logs/2016/?C=S%3BO%3DA" "Mozilla/5.0 (Linux; Android 7.0;) AppleWebKit/537.36 (KHTML, like Gecko) Mobile Safari/537.36 (compatible; PetalBot;+https://webmaster.petalsearch.com/site/petalbot)" 
51.222.253.11 - - [15/May/2022:21:19:23 -0700] "GET /self.logs/ HTTP/1.1" 200 36094 "-" "Mozilla/5.0 (compatible; AhrefsBot/7.0; +http://ahrefs.com/robot/)" 
157.55.39.153 - - [15/May/2022:21:22:40 -0700] "GET /self.logs/ HTTP/1.1" 200 36138 "-" "Mozilla/5.0 (compatible; bingbot/2.0; +http://www.bing.com/bingbot.htm)" 
114.119.145.137 - - [15/May/2022:21:28:44 -0700] "GET /self.logs/access.log.2020-04-16.gz HTTP/1.1" 200 11658 "http://www.secrepo.com/self.logs?C=N%3BO%3DD" "Mozilla/5.0 (Linux; Android 7.0;) AppleWebKit/537.36 (KHTML, like Gecko) Mobile Safari/537.36 (compatible; PetalBot;+https://webmaster.petalsearch.com/site/petalbot)" 
114.119.145.137 - - [15/May/2022:21:39:41 -0700] "GET /self.logs/access.log.2019-12-21.gz HTTP/1.1" 200 14921 "http://www.secrepo.com/self.logs?C=N%3BO%3DD" "Mozilla/5.0 (Linux; Android 7.0;) AppleWebKit/537.36 (KHTML, like Gecko) Mobile Safari/537.36 (compatible; PetalBot;+https://webmaster.petalsearch.com/site/petalbot)" 
171.6.240.91 - - [15/May/2022:21:49:54 -0700] "GET /stories/wp-json HTTP/1.1" 404 328 "-" "Mozilla/5.0 (Windows NT 10.0; Win64; x64) AppleWebKit/537.36 (KHTML, like Gecko) Chrome/101.0.4951.54 Safari/537.36" 
44.202.13.119 - - [15/May/2022:21:54:20 -0700] "GET / HTTP/1.1" 200 13139 "-" "Mozilla/5.0 (compatible; startmebot/1.0; +https://start.me/bot)" 
120.229.76.182 - - [15/May/2022:22:05:18 -0700] "GET /ads.txt HTTP/1.1" 301 433 "-" "rest-client/2.1.0 (darwin18.7.0 x86_64) ruby/2.6.3p62" 
120.229.76.182 - - [15/May/2022:22:05:19 -0700] "GET /ads.txt HTTP/1.1" 404 284 "-" "rest-client/2.1.0 (darwin18.7.0 x86_64) ruby/2.6.3p62" 
129.211.167.108 - - [15/May/2022:22:07:20 -0700] "GET / HTTP/1.1" 200 13182 "-" "python-requests/2.26.0" 
114.119.149.228 - - [15/May/2022:22:11:57 -0700] "GET /self.logs/access.log.2017-03-21.gz HTTP/1.1" 200 26785 "https://www.secrepo.com/self.logs/?C=M%3BO%3DA" "Mozilla/5.0 (Linux; Android 7.0;) AppleWebKit/537.36 (KHTML, like Gecko) Mobile Safari/537.36 (compatible; PetalBot;+https://webmaster.petalsearch.com/site/petalbot)" 
114.119.140.174 - - [15/May/2022:22:17:10 -0700] "GET /self.logs/access.log.2020-01-01.gz HTTP/1.1" 200 13713 "http://www.secrepo.com/self.logs?C=N%3BO%3DD" "Mozilla/5.0 (Linux; Android 7.0;) AppleWebKit/537.36 (KHTML, like Gecko) Mobile Safari/537.36 (compatible; PetalBot;+https://webmaster.petalsearch.com/site/petalbot)" 
171.212.241.86 - - [15/May/2022:22:19:23 -0700] "GET / HTTP/1.1" 200 13183 "-" "Mozilla/5.0 (Macintosh; Intel Mac OS X 10_15_7) AppleWebKit/605.1.15 (KHTML, like Gecko)" 
171.212.241.86 - - [15/May/2022:22:19:24 -0700] "GET /apple-touch-icon-precomposed.png HTTP/1.1" 404 328 "-" "Safari%E6%B5%8F%E8%A7%88%E5%99%A8/16613.1.17.1.13 CFNetwork/1240.0.4 Darwin/20.6.0" 
171.212.241.86 - - [15/May/2022:22:19:24 -0700] "GET /apple-touch-icon.png HTTP/1.1" 404 305 "-" "Safari%E6%B5%8F%E8%A7%88%E5%99%A8/16613.1.17.1.13 CFNetwork/1240.0.4 Darwin/20.6.0" 
171.212.241.86 - - [15/May/2022:22:19:24 -0700] "GET / HTTP/1.1" 200 13183 "-" "Mozilla/5.0 (iPhone; CPU iPhone OS 14_0 like Mac OS X) AppleWebKit/605.1.15 (KHTML, like Gecko) Version/14.0 Mobile/15E148 Safari/604.1" 
171.212.241.86 - - [15/May/2022:22:19:25 -0700] "GET /apple-touch-icon-precomposed.png HTTP/1.1" 404 305 "-" "Safari%E6%B5%8F%E8%A7%88%E5%99%A8/16613.1.17.1.13 CFNetwork/1240.0.4 Darwin/20.6.0" 
171.212.241.86 - - [15/May/2022:22:19:25 -0700] "GET /apple-touch-icon.png HTTP/1.1" 404 305 "-" "Safari%E6%B5%8F%E8%A7%88%E5%99%A8/16613.1.17.1.13 CFNetwork/1240.0.4 Darwin/20.6.0" 
171.212.241.86 - - [15/May/2022:22:19:25 -0700] "GET /bootstrap/img/favicon.ico HTTP/1.1" 304 253 "-" "Safari%E6%B5%8F%E8%A7%88%E5%99%A8/16613.1.17.1.13 CFNetwork/1240.0.4 Darwin/20.6.0" 
114.119.145.137 - - [15/May/2022:22:22:23 -0700] "GET /self.logs/2016/?C=D%3BO%3DA HTTP/1.1" 200 7860 "http://www.secrepo.com/self.logs/2016/?C=S%3BO%3DA" "Mozilla/5.0 (Linux; Android 7.0;) AppleWebKit/537.36 (KHTML, like Gecko) Mobile Safari/537.36 (compatible; PetalBot;+https://webmaster.petalsearch.com/site/petalbot)" 
157.55.39.153 - - [15/May/2022:22:23:42 -0700] "GET /self.logs/ HTTP/1.1" 200 36138 "-" "Mozilla/5.0 (compatible; bingbot/2.0; +http://www.bing.com/bingbot.htm)" 
114.119.149.222 - - [15/May/2022:22:27:38 -0700] "GET /self.logs/2016/error.log.2016-04-05.gz HTTP/1.1" 200 1502 "http://www.secrepo.com/self.logs/2016/?C=S%3BO%3DA" "Mozilla/5.0 (Linux; Android 7.0;) AppleWebKit/537.36 (KHTML, like Gecko) Mobile Safari/537.36 (compatible; PetalBot;+https://webmaster.petalsearch.com/site/petalbot)" 
77.88.5.10 - - [15/May/2022:22:28:57 -0700] "GET /robots.txt HTTP/1.1" 301 495 "-" "Mozilla/5.0 (compatible; YandexBot/3.0; +http://yandex.com/bots)" 
77.88.5.10 - - [15/May/2022:22:28:57 -0700] "GET /robots.txt HTTP/1.1" 200 354 "-" "Mozilla/5.0 (compatible; YandexBot/3.0; +http://yandex.com/bots)" 
93.158.161.55 - - [15/May/2022:22:29:01 -0700] "GET / HTTP/1.1" 301 475 "-" "Mozilla/5.0 (compatible; YandexBot/3.0; +http://yandex.com/bots)" 
77.88.5.10 - - [15/May/2022:22:29:21 -0700] "GET /robots.txt HTTP/1.1" 200 377 "-" "Mozilla/5.0 (compatible; YandexBot/3.0; +http://yandex.com/bots)" 
77.88.5.10 - - [15/May/2022:22:29:25 -0700] "GET / HTTP/1.1" 200 13183 "-" "Mozilla/5.0 (compatible; YandexBot/3.0; +http://yandex.com/bots)" 
114.119.149.222 - - [15/May/2022:22:32:48 -0700] "GET /Datasets%20Description/Network/ssh.html HTTP/1.1" 200 1368 "http://secrepo.com/" "Mozilla/5.0 (Linux; Android 7.0;) AppleWebKit/537.36 (KHTML, like Gecko) Mobile Safari/537.36 (compatible; PetalBot;+https://webmaster.petalsearch.com/site/petalbot)" 
207.46.13.196 - - [15/May/2022:22:33:14 -0700] "GET /self.logs/access.log.2019-01-26.gz HTTP/1.1" 304 280 "-" "Mozilla/5.0 (compatible; bingbot/2.0; +http://www.bing.com/bingbot.htm)" 
114.119.149.222 - - [15/May/2022:22:42:57 -0700] "GET /self.logs/error.log.2018-03-03.gz HTTP/1.1" 200 3317 "http://www.secrepo.com/self.logs?C=N%3BO%3DD" "Mozilla/5.0 (Linux; Android 7.0;) AppleWebKit/537.36 (KHTML, like Gecko) Mobile Safari/537.36 (compatible; PetalBot;+https://webmaster.petalsearch.com/site/petalbot)" 
61.148.199.174 - - [15/May/2022:22:51:07 -0700] "GET / HTTP/1.1" 200 13183 "-" "Mozilla/5.0 (Windows NT 10.0; Win64; x64) AppleWebKit/537.36 (KHTML, like Gecko) Chrome/101.0.4951.64 Safari/537.36" 
61.148.199.174 - - [15/May/2022:22:51:08 -0700] "GET /css/style.css HTTP/1.1" 404 328 "http://www.secrepo.com/" "Mozilla/5.0 (Windows NT 10.0; Win64; x64) AppleWebKit/537.36 (KHTML, like Gecko) Chrome/101.0.4951.64 Safari/537.36" 
61.148.199.174 - - [15/May/2022:22:51:09 -0700] "GET /GitHub-Mark.png HTTP/1.1" 200 7533 "http://www.secrepo.com/" "Mozilla/5.0 (Windows NT 10.0; Win64; x64) AppleWebKit/537.36 (KHTML, like Gecko) Chrome/101.0.4951.64 Safari/537.36" 
61.148.199.174 - - [15/May/2022:22:51:09 -0700] "GET /twitter-icon.png HTTP/1.1" 200 27916 "http://www.secrepo.com/" "Mozilla/5.0 (Windows NT 10.0; Win64; x64) AppleWebKit/537.36 (KHTML, like Gecko) Chrome/101.0.4951.64 Safari/537.36" 
114.38.12.175 - - [15/May/2022:22:51:21 -0700] "GET /Datasets%20Description/Network/dns.html HTTP/1.1" 200 1499 "http://www.secrepo.com/" "Mozilla/5.0 (Windows NT 10.0; Win64; x64) AppleWebKit/537.36 (KHTML, like Gecko) Chrome/101.0.4951.64 Safari/537.36" 
114.38.12.175 - - [15/May/2022:22:51:22 -0700] "GET /favicon.ico HTTP/1.1" 200 313 "http://www.secrepo.com/Datasets%20Description/Network/dns.html" "Mozilla/5.0 (Windows NT 10.0; Win64; x64) AppleWebKit/537.36 (KHTML, like Gecko) Chrome/101.0.4951.64 Safari/537.36" 
107.182.181.15 - - [15/May/2022:22:54:24 -0700] "GET / HTTP/1.1" 200 13146 "-" "Mozilla/5.0 (Windows NT 10.0; Win64; x64) AppleWebKit/537.36 (KHTML, like Gecko) Chrome/101.0.4951.54 Safari/537.36" 
107.182.181.15 - - [15/May/2022:22:54:26 -0700] "GET /css/style.css HTTP/1.1" 404 291 "http://www.secrepo.com/" "Mozilla/5.0 (Windows NT 10.0; Win64; x64) AppleWebKit/537.36 (KHTML, like Gecko) Chrome/101.0.4951.54 Safari/537.36" 
107.182.181.15 - - [15/May/2022:22:54:30 -0700] "GET /twitter-icon.png HTTP/1.1" 200 27879 "http://www.secrepo.com/" "Mozilla/5.0 (Windows NT 10.0; Win64; x64) AppleWebKit/537.36 (KHTML, like Gecko) Chrome/101.0.4951.54 Safari/537.36" 
107.182.181.15 - - [15/May/2022:22:54:32 -0700] "GET /GitHub-Mark.png HTTP/1.1" 200 7519 "http://www.secrepo.com/" "Mozilla/5.0 (Windows NT 10.0; Win64; x64) AppleWebKit/537.36 (KHTML, like Gecko) Chrome/101.0.4951.54 Safari/537.36" 
107.182.181.15 - - [15/May/2022:22:54:45 -0700] "GET /bootstrap/img/favicon.ico HTTP/1.1" 200 676 "http://www.secrepo.com/" "Mozilla/5.0 (Windows NT 10.0; Win64; x64) AppleWebKit/537.36 (KHTML, like Gecko) Chrome/101.0.4951.54 Safari/537.36" 
101.91.60.109 - - [15/May/2022:22:55:35 -0700] "GET / HTTP/1.1" 200 49133 "-" "Mozilla/5.0 (Windows NT 6.1; WOW64; Trident/7.0; SLCC2; .NET CLR 2.0.50727; .NET CLR 3.5.30729; .NET CLR 3.0.30729; Media Center PC 6.0; .NET4.0C; .NET4.0E; InfoPath.3; rv:11.0) like Gecko" 
114.38.12.175 - - [15/May/2022:22:55:49 -0700] "GET /Datasets%20Description/Network/tunnel.html HTTP/1.1" 200 1426 "http://www.secrepo.com/" "Mozilla/5.0 (Windows NT 10.0; Win64; x64) AppleWebKit/537.36 (KHTML, like Gecko) Chrome/101.0.4951.64 Safari/537.36" 
114.119.149.222 - - [15/May/2022:23:10:41 -0700] "GET /self.logs/2015/error.log.2015-06-19.gz HTTP/1.1" 200 882 "http://www.secrepo.com/self.logs/2015?C=N%3BO%3DD" "Mozilla/5.0 (Linux; Android 7.0;) AppleWebKit/537.36 (KHTML, like Gecko) Mobile Safari/537.36 (compatible; PetalBot;+https://webmaster.petalsearch.com/site/petalbot)" 
154.3.62.23 - - [15/May/2022:23:12:44 -0700] "GET / HTTP/1.1" 301 438 "-" "Mozilla/5.0 (compatible; MixrankBot; crawler@mixrank.com)" 
154.3.62.23 - - [15/May/2022:23:12:47 -0700] "GET / HTTP/1.1" 200 13146 "-" "Mozilla/5.0 (compatible; MixrankBot; crawler@mixrank.com)" 
154.3.62.23 - - [15/May/2022:23:12:51 -0700] "GET /tg/tg_snort_fast.7z HTTP/1.1" 301 476 "-" "Mozilla/5.0 (compatible; MixrankBot; crawler@mixrank.com)" 
154.3.62.23 - - [15/May/2022:23:12:51 -0700] "GET /tg/tg_snort_fast.7z HTTP/1.1" 200 4274167 "-" "Mozilla/5.0 (compatible; MixrankBot; crawler@mixrank.com)" 
154.3.62.23 - - [15/May/2022:23:13:11 -0700] "GET /tg/a.zip HTTP/1.1" 301 454 "-" "Mozilla/5.0 (compatible; MixrankBot; crawler@mixrank.com)" 
154.3.62.23 - - [15/May/2022:23:13:16 -0700] "GET /tg/a.zip HTTP/1.1" 200 66189411 "-" "Mozilla/5.0 (compatible; MixrankBot; crawler@mixrank.com)" 
154.3.62.23 - - [15/May/2022:23:13:31 -0700] "GET /self.logs/ HTTP/1.1" 301 458 "-" "Mozilla/5.0 (compatible; MixrankBot; crawler@mixrank.com)" 
154.3.62.23 - - [15/May/2022:23:13:31 -0700] "GET /self.logs/ HTTP/1.1" 200 36101 "-" "Mozilla/5.0 (compatible; MixrankBot; crawler@mixrank.com)" 
154.3.62.23 - - [15/May/2022:23:13:42 -0700] "GET /maccdc2012/http.log.gz HTTP/1.1" 301 482 "-" "Mozilla/5.0 (compatible; MixrankBot; crawler@mixrank.com)" 
154.3.62.23 - - [15/May/2022:23:14:04 -0700] "GET /maccdc2012/http.log.gz HTTP/1.1" 200 25628840 "-" "Mozilla/5.0 (compatible; MixrankBot; crawler@mixrank.com)" 
